[81920 / 100000000] (0.08192%) -- errors = 30 , logical error rate = 0.000366211
[163840 / 100000000] (0.16384%) -- errors = 65 , logical error rate = 0.000396729
[245760 / 100000000] (0.24576%) -- errors = 109 , logical error rate = 0.000443522
[327680 / 100000000] (0.32768%) -- errors = 144 , logical error rate = 0.000439453
[409600 / 100000000] (0.4096%) -- errors = 179 , logical error rate = 0.000437012
[491520 / 100000000] (0.49152%) -- errors = 209 , logical error rate = 0.000425212
[573440 / 100000000] (0.57344%) -- errors = 236 , logical error rate = 0.000411551
[655360 / 100000000] (0.65536%) -- errors = 257 , logical error rate = 0.000392151
[737280 / 100000000] (0.73728%) -- errors = 299 , logical error rate = 0.000405545
[819200 / 100000000] (0.8192%) -- errors = 330 , logical error rate = 0.000402832
[901120 / 100000000] (0.90112%) -- errors = 361 , logical error rate = 0.000400613
[983040 / 100000000] (0.98304%) -- errors = 402 , logical error rate = 0.000408936
[1064960 / 100000000] (1.06496%) -- errors = 440 , logical error rate = 0.000413161
[1146880 / 100000000] (1.14688%) -- errors = 469 , logical error rate = 0.000408936
[1228800 / 100000000] (1.2288%) -- errors = 500 , logical error rate = 0.000406901
[1310720 / 100000000] (1.31072%) -- errors = 536 , logical error rate = 0.000408936
[1392640 / 100000000] (1.39264%) -- errors = 560 , logical error rate = 0.000402114
[1474560 / 100000000] (1.47456%) -- errors = 599 , logical error rate = 0.000406223
[1556480 / 100000000] (1.55648%) -- errors = 638 , logical error rate = 0.000409899
[1638400 / 100000000] (1.6384%) -- errors = 673 , logical error rate = 0.000410767
[1720320 / 100000000] (1.72032%) -- errors = 701 , logical error rate = 0.000407482
[1802240 / 100000000] (1.80224%) -- errors = 732 , logical error rate = 0.000406161
[1884160 / 100000000] (1.88416%) -- errors = 771 , logical error rate = 0.000409201
[1966080 / 100000000] (1.96608%) -- errors = 816 , logical error rate = 0.000415039
[2048000 / 100000000] (2.048%) -- errors = 845 , logical error rate = 0.000412598
[2129920 / 100000000] (2.12992%) -- errors = 874 , logical error rate = 0.000410344
[2211840 / 100000000] (2.21184%) -- errors = 913 , logical error rate = 0.000412779
[2293760 / 100000000] (2.29376%) -- errors = 943 , logical error rate = 0.000411115
[2375680 / 100000000] (2.37568%) -- errors = 978 , logical error rate = 0.000411672
[2457600 / 100000000] (2.4576%) -- errors = 1023 , logical error rate = 0.00041626
[2539520 / 100000000] (2.53952%) -- errors = 1047 , logical error rate = 0.000412283
[2621440 / 100000000] (2.62144%) -- errors = 1076 , logical error rate = 0.000410461
[2703360 / 100000000] (2.70336%) -- errors = 1111 , logical error rate = 0.00041097
[2785280 / 100000000] (2.78528%) -- errors = 1146 , logical error rate = 0.000411449
[2867200 / 100000000] (2.8672%) -- errors = 1178 , logical error rate = 0.000410854
[2949120 / 100000000] (2.94912%) -- errors = 1219 , logical error rate = 0.000413344
[3031040 / 100000000] (3.03104%) -- errors = 1255 , logical error rate = 0.000414049
[3112960 / 100000000] (3.11296%) -- errors = 1294 , logical error rate = 0.000415682
[3194880 / 100000000] (3.19488%) -- errors = 1321 , logical error rate = 0.000413474
[3276800 / 100000000] (3.2768%) -- errors = 1361 , logical error rate = 0.000415344
[3358720 / 100000000] (3.35872%) -- errors = 1392 , logical error rate = 0.000414444
[3440640 / 100000000] (3.44064%) -- errors = 1430 , logical error rate = 0.00041562
[3522560 / 100000000] (3.52256%) -- errors = 1478 , logical error rate = 0.000419581
[3604480 / 100000000] (3.60448%) -- errors = 1509 , logical error rate = 0.000418646
[3686400 / 100000000] (3.6864%) -- errors = 1544 , logical error rate = 0.000418837
[3768320 / 100000000] (3.76832%) -- errors = 1574 , logical error rate = 0.000417693
[3850240 / 100000000] (3.85024%) -- errors = 1611 , logical error rate = 0.000418415
[3932160 / 100000000] (3.93216%) -- errors = 1642 , logical error rate = 0.000417582
[4014080 / 100000000] (4.01408%) -- errors = 1677 , logical error rate = 0.000417779
[4096000 / 100000000] (4.096%) -- errors = 1705 , logical error rate = 0.00041626
[4177920 / 100000000] (4.17792%) -- errors = 1733 , logical error rate = 0.0004148
[4259840 / 100000000] (4.25984%) -- errors = 1765 , logical error rate = 0.000414335
[4341760 / 100000000] (4.34176%) -- errors = 1790 , logical error rate = 0.000412275
[4423680 / 100000000] (4.42368%) -- errors = 1826 , logical error rate = 0.000412779
[4505600 / 100000000] (4.5056%) -- errors = 1860 , logical error rate = 0.00041282
[4587520 / 100000000] (4.58752%) -- errors = 1892 , logical error rate = 0.000412423
[4669440 / 100000000] (4.66944%) -- errors = 1939 , logical error rate = 0.000415253
[4751360 / 100000000] (4.75136%) -- errors = 1974 , logical error rate = 0.00041546
[4833280 / 100000000] (4.83328%) -- errors = 2013 , logical error rate = 0.000416487
[4915200 / 100000000] (4.9152%) -- errors = 2047 , logical error rate = 0.000416463
[4997120 / 100000000] (4.99712%) -- errors = 2081 , logical error rate = 0.00041644
[5079040 / 100000000] (5.07904%) -- errors = 2120 , logical error rate = 0.000417402
[5160960 / 100000000] (5.16096%) -- errors = 2142 , logical error rate = 0.000415039
[5242880 / 100000000] (5.24288%) -- errors = 2171 , logical error rate = 0.000414085
[5324800 / 100000000] (5.3248%) -- errors = 2203 , logical error rate = 0.000413724
[5406720 / 100000000] (5.40672%) -- errors = 2233 , logical error rate = 0.000413005
[5488640 / 100000000] (5.48864%) -- errors = 2272 , logical error rate = 0.000413946
[5570560 / 100000000] (5.57056%) -- errors = 2313 , logical error rate = 0.000415219
[5652480 / 100000000] (5.65248%) -- errors = 2347 , logical error rate = 0.000415216
[5734400 / 100000000] (5.7344%) -- errors = 2386 , logical error rate = 0.000416085
[5816320 / 100000000] (5.81632%) -- errors = 2423 , logical error rate = 0.000416586
[5898240 / 100000000] (5.89824%) -- errors = 2458 , logical error rate = 0.000416734
[5980160 / 100000000] (5.98016%) -- errors = 2486 , logical error rate = 0.000415708
[6062080 / 100000000] (6.06208%) -- errors = 2519 , logical error rate = 0.000415534
[6144000 / 100000000] (6.144%) -- errors = 2559 , logical error rate = 0.000416504
[6225920 / 100000000] (6.22592%) -- errors = 2590 , logical error rate = 0.000416003
[6307840 / 100000000] (6.30784%) -- errors = 2629 , logical error rate = 0.000416783
[6389760 / 100000000] (6.38976%) -- errors = 2666 , logical error rate = 0.00041723
[6471680 / 100000000] (6.47168%) -- errors = 2699 , logical error rate = 0.000417048
[6553600 / 100000000] (6.5536%) -- errors = 2735 , logical error rate = 0.000417328
[6635520 / 100000000] (6.63552%) -- errors = 2767 , logical error rate = 0.000416998
[6717440 / 100000000] (6.71744%) -- errors = 2804 , logical error rate = 0.000417421
[6799360 / 100000000] (6.79936%) -- errors = 2828 , logical error rate = 0.000415921
[6881280 / 100000000] (6.88128%) -- errors = 2861 , logical error rate = 0.000415766
[6963200 / 100000000] (6.9632%) -- errors = 2899 , logical error rate = 0.000416332
[7045120 / 100000000] (7.04512%) -- errors = 2928 , logical error rate = 0.000415607
[7127040 / 100000000] (7.12704%) -- errors = 2965 , logical error rate = 0.000416021
[7208960 / 100000000] (7.20896%) -- errors = 2997 , logical error rate = 0.000415733
[7290880 / 100000000] (7.29088%) -- errors = 3029 , logical error rate = 0.000415451
[7372800 / 100000000] (7.3728%) -- errors = 3063 , logical error rate = 0.000415446
[7454720 / 100000000] (7.45472%) -- errors = 3103 , logical error rate = 0.000416246
[7536640 / 100000000] (7.53664%) -- errors = 3131 , logical error rate = 0.000415437
[7618560 / 100000000] (7.61856%) -- errors = 3164 , logical error rate = 0.000415302
[7700480 / 100000000] (7.70048%) -- errors = 3200 , logical error rate = 0.000415559
[7782400 / 100000000] (7.7824%) -- errors = 3238 , logical error rate = 0.000416067
[7864320 / 100000000] (7.86432%) -- errors = 3272 , logical error rate = 0.000416056
[7946240 / 100000000] (7.94624%) -- errors = 3310 , logical error rate = 0.000416549
[8028160 / 100000000] (8.02816%) -- errors = 3337 , logical error rate = 0.000415662
[8110080 / 100000000] (8.11008%) -- errors = 3374 , logical error rate = 0.000416025
[8192000 / 100000000] (8.192%) -- errors = 3414 , logical error rate = 0.000416748
[8273920 / 100000000] (8.27392%) -- errors = 3449 , logical error rate = 0.000416852
[8355840 / 100000000] (8.35584%) -- errors = 3494 , logical error rate = 0.000418151
[8437760 / 100000000] (8.43776%) -- errors = 3524 , logical error rate = 0.000417646
[8519680 / 100000000] (8.51968%) -- errors = 3559 , logical error rate = 0.000417739
[8601600 / 100000000] (8.6016%) -- errors = 3598 , logical error rate = 0.000418294
[8683520 / 100000000] (8.68352%) -- errors = 3636 , logical error rate = 0.000418724
[8765440 / 100000000] (8.76544%) -- errors = 3666 , logical error rate = 0.000418233
[8847360 / 100000000] (8.84736%) -- errors = 3719 , logical error rate = 0.000420351
[8929280 / 100000000] (8.92928%) -- errors = 3747 , logical error rate = 0.000419631
[9011200 / 100000000] (9.0112%) -- errors = 3788 , logical error rate = 0.000420366
[9093120 / 100000000] (9.09312%) -- errors = 3824 , logical error rate = 0.000420538
[9175040 / 100000000] (9.17504%) -- errors = 3863 , logical error rate = 0.000421034
[9256960 / 100000000] (9.25696%) -- errors = 3895 , logical error rate = 0.000420764
[9338880 / 100000000] (9.33888%) -- errors = 3930 , logical error rate = 0.000420821
[9420800 / 100000000] (9.4208%) -- errors = 3962 , logical error rate = 0.000420559
[9502720 / 100000000] (9.50272%) -- errors = 3994 , logical error rate = 0.000420301
[9584640 / 100000000] (9.58464%) -- errors = 4021 , logical error rate = 0.000419525
[9666560 / 100000000] (9.66656%) -- errors = 4054 , logical error rate = 0.000419384
[9748480 / 100000000] (9.74848%) -- errors = 4091 , logical error rate = 0.000419655
[9830400 / 100000000] (9.8304%) -- errors = 4127 , logical error rate = 0.00041982
[9912320 / 100000000] (9.91232%) -- errors = 4165 , logical error rate = 0.000420184
[9994240 / 100000000] (9.99424%) -- errors = 4200 , logical error rate = 0.000420242
[10076160 / 100000000] (10.0762%) -- errors = 4238 , logical error rate = 0.000420597
[10158080 / 100000000] (10.1581%) -- errors = 4272 , logical error rate = 0.000420552
[10240000 / 100000000] (10.24%) -- errors = 4309 , logical error rate = 0.000420801
[10321920 / 100000000] (10.3219%) -- errors = 4345 , logical error rate = 0.000420949
[10403840 / 100000000] (10.4038%) -- errors = 4379 , logical error rate = 0.000420902
[10485760 / 100000000] (10.4858%) -- errors = 4420 , logical error rate = 0.000421524
[10567680 / 100000000] (10.5677%) -- errors = 4445 , logical error rate = 0.000420622
[10649600 / 100000000] (10.6496%) -- errors = 4482 , logical error rate = 0.000420861
[10731520 / 100000000] (10.7315%) -- errors = 4508 , logical error rate = 0.000420071
[10813440 / 100000000] (10.8134%) -- errors = 4554 , logical error rate = 0.000421143
[10895360 / 100000000] (10.8954%) -- errors = 4582 , logical error rate = 0.000420546
[10977280 / 100000000] (10.9773%) -- errors = 4614 , logical error rate = 0.000420323
[11059200 / 100000000] (11.0592%) -- errors = 4646 , logical error rate = 0.000420103
[11141120 / 100000000] (11.1411%) -- errors = 4684 , logical error rate = 0.000420425
[11223040 / 100000000] (11.223%) -- errors = 4712 , logical error rate = 0.000419851
[11304960 / 100000000] (11.305%) -- errors = 4745 , logical error rate = 0.000419727
[11386880 / 100000000] (11.3869%) -- errors = 4785 , logical error rate = 0.00042022
[11468800 / 100000000] (11.4688%) -- errors = 4818 , logical error rate = 0.000420096
[11550720 / 100000000] (11.5507%) -- errors = 4850 , logical error rate = 0.000419887
[11632640 / 100000000] (11.6326%) -- errors = 4877 , logical error rate = 0.000419251
[11714560 / 100000000] (11.7146%) -- errors = 4919 , logical error rate = 0.000419905
[11796480 / 100000000] (11.7965%) -- errors = 4948 , logical error rate = 0.000419447
[11878400 / 100000000] (11.8784%) -- errors = 4983 , logical error rate = 0.000419501
[11960320 / 100000000] (11.9603%) -- errors = 5021 , logical error rate = 0.000419805
[12042240 / 100000000] (12.0422%) -- errors = 5050 , logical error rate = 0.000419357
[12124160 / 100000000] (12.1242%) -- errors = 5088 , logical error rate = 0.000419658
[12206080 / 100000000] (12.2061%) -- errors = 5125 , logical error rate = 0.000419873
[12288000 / 100000000] (12.288%) -- errors = 5161 , logical error rate = 0.000420003
[12369920 / 100000000] (12.3699%) -- errors = 5206 , logical error rate = 0.00042086
[12451840 / 100000000] (12.4518%) -- errors = 5243 , logical error rate = 0.000421062
[12533760 / 100000000] (12.5338%) -- errors = 5279 , logical error rate = 0.000421182
[12615680 / 100000000] (12.6157%) -- errors = 5314 , logical error rate = 0.000421222
[12697600 / 100000000] (12.6976%) -- errors = 5353 , logical error rate = 0.000421576
[12779520 / 100000000] (12.7795%) -- errors = 5393 , logical error rate = 0.000422003
[12861440 / 100000000] (12.8614%) -- errors = 5428 , logical error rate = 0.000422037
[12943360 / 100000000] (12.9434%) -- errors = 5469 , logical error rate = 0.000422533
[13025280 / 100000000] (13.0253%) -- errors = 5499 , logical error rate = 0.000422179
[13107200 / 100000000] (13.1072%) -- errors = 5537 , logical error rate = 0.00042244
[13189120 / 100000000] (13.1891%) -- errors = 5565 , logical error rate = 0.000421939
[13271040 / 100000000] (13.271%) -- errors = 5590 , logical error rate = 0.000421218
[13352960 / 100000000] (13.353%) -- errors = 5627 , logical error rate = 0.000421405
[13434880 / 100000000] (13.4349%) -- errors = 5666 , logical error rate = 0.000421738
[13516800 / 100000000] (13.5168%) -- errors = 5709 , logical error rate = 0.000422363
[13598720 / 100000000] (13.5987%) -- errors = 5744 , logical error rate = 0.000422393
[13680640 / 100000000] (13.6806%) -- errors = 5782 , logical error rate = 0.000422641
[13762560 / 100000000] (13.7626%) -- errors = 5816 , logical error rate = 0.000422596
[13844480 / 100000000] (13.8445%) -- errors = 5859 , logical error rate = 0.000423201
[13926400 / 100000000] (13.9264%) -- errors = 5891 , logical error rate = 0.00042301
[14008320 / 100000000] (14.0083%) -- errors = 5926 , logical error rate = 0.000423034
[14090240 / 100000000] (14.0902%) -- errors = 5962 , logical error rate = 0.00042313
[14172160 / 100000000] (14.1722%) -- errors = 6001 , logical error rate = 0.000423436
[14254080 / 100000000] (14.2541%) -- errors = 6039 , logical error rate = 0.000423668
[14336000 / 100000000] (14.336%) -- errors = 6064 , logical error rate = 0.000422991
[14417920 / 100000000] (14.4179%) -- errors = 6097 , logical error rate = 0.000422877
[14499840 / 100000000] (14.4998%) -- errors = 6124 , logical error rate = 0.000422349
[14581760 / 100000000] (14.5818%) -- errors = 6163 , logical error rate = 0.000422651
[14663680 / 100000000] (14.6637%) -- errors = 6195 , logical error rate = 0.000422472
[14745600 / 100000000] (14.7456%) -- errors = 6226 , logical error rate = 0.000422228
[14827520 / 100000000] (14.8275%) -- errors = 6259 , logical error rate = 0.00042212
[14909440 / 100000000] (14.9094%) -- errors = 6296 , logical error rate = 0.000422283
[14991360 / 100000000] (14.9914%) -- errors = 6336 , logical error rate = 0.000422643
[15073280 / 100000000] (15.0733%) -- errors = 6366 , logical error rate = 0.000422337
[15155200 / 100000000] (15.1552%) -- errors = 6401 , logical error rate = 0.000422363
[15237120 / 100000000] (15.2371%) -- errors = 6440 , logical error rate = 0.000422652
[15319040 / 100000000] (15.319%) -- errors = 6465 , logical error rate = 0.000422024
[15400960 / 100000000] (15.401%) -- errors = 6508 , logical error rate = 0.000422571
[15482880 / 100000000] (15.4829%) -- errors = 6544 , logical error rate = 0.00042266
[15564800 / 100000000] (15.5648%) -- errors = 6574 , logical error rate = 0.000422363
[15646720 / 100000000] (15.6467%) -- errors = 6605 , logical error rate = 0.000422133
[15728640 / 100000000] (15.7286%) -- errors = 6642 , logical error rate = 0.000422287
[15810560 / 100000000] (15.8106%) -- errors = 6669 , logical error rate = 0.000421807
[15892480 / 100000000] (15.8925%) -- errors = 6704 , logical error rate = 0.000421835
[15974400 / 100000000] (15.9744%) -- errors = 6733 , logical error rate = 0.000421487
[16056320 / 100000000] (16.0563%) -- errors = 6767 , logical error rate = 0.000421454
[16138240 / 100000000] (16.1382%) -- errors = 6803 , logical error rate = 0.000421545
[16220160 / 100000000] (16.2202%) -- errors = 6826 , logical error rate = 0.000420834
[16302080 / 100000000] (16.3021%) -- errors = 6857 , logical error rate = 0.000420621
[16384000 / 100000000] (16.384%) -- errors = 6895 , logical error rate = 0.000420837
[16465920 / 100000000] (16.4659%) -- errors = 6932 , logical error rate = 0.000420991
[16547840 / 100000000] (16.5478%) -- errors = 6971 , logical error rate = 0.000421263
[16629760 / 100000000] (16.6298%) -- errors = 7007 , logical error rate = 0.000421353
[16711680 / 100000000] (16.7117%) -- errors = 7039 , logical error rate = 0.000421202
[16793600 / 100000000] (16.7936%) -- errors = 7083 , logical error rate = 0.000421768
[16875520 / 100000000] (16.8755%) -- errors = 7126 , logical error rate = 0.000422268
[16957440 / 100000000] (16.9574%) -- errors = 7159 , logical error rate = 0.000422175
[17039360 / 100000000] (17.0394%) -- errors = 7196 , logical error rate = 0.000422316
[17121280 / 100000000] (17.1213%) -- errors = 7235 , logical error rate = 0.000422574
[17203200 / 100000000] (17.2032%) -- errors = 7261 , logical error rate = 0.000422073
[17285120 / 100000000] (17.2851%) -- errors = 7297 , logical error rate = 0.000422155
[17367040 / 100000000] (17.367%) -- errors = 7341 , logical error rate = 0.000422697
[17448960 / 100000000] (17.449%) -- errors = 7365 , logical error rate = 0.000422088
[17530880 / 100000000] (17.5309%) -- errors = 7394 , logical error rate = 0.00042177
[17612800 / 100000000] (17.6128%) -- errors = 7433 , logical error rate = 0.000422023
[17694720 / 100000000] (17.6947%) -- errors = 7465 , logical error rate = 0.000421877
[17776640 / 100000000] (17.7766%) -- errors = 7511 , logical error rate = 0.000422521
[17858560 / 100000000] (17.8586%) -- errors = 7558 , logical error rate = 0.000423214
[17940480 / 100000000] (17.9405%) -- errors = 7600 , logical error rate = 0.000423623
[18022400 / 100000000] (18.0224%) -- errors = 7635 , logical error rate = 0.000423639
[18104320 / 100000000] (18.1043%) -- errors = 7665 , logical error rate = 0.00042338
[18186240 / 100000000] (18.1862%) -- errors = 7701 , logical error rate = 0.000423452
[18268160 / 100000000] (18.2682%) -- errors = 7744 , logical error rate = 0.000423907
[18350080 / 100000000] (18.3501%) -- errors = 7774 , logical error rate = 0.000423649
[18432000 / 100000000] (18.432%) -- errors = 7820 , logical error rate = 0.000424262
[18513920 / 100000000] (18.5139%) -- errors = 7858 , logical error rate = 0.000424437
[18595840 / 100000000] (18.5958%) -- errors = 7895 , logical error rate = 0.000424557
[18677760 / 100000000] (18.6778%) -- errors = 7928 , logical error rate = 0.000424462
[18759680 / 100000000] (18.7597%) -- errors = 7968 , logical error rate = 0.000424741
[18841600 / 100000000] (18.8416%) -- errors = 8003 , logical error rate = 0.000424752
[18923520 / 100000000] (18.9235%) -- errors = 8033 , logical error rate = 0.000424498
[19005440 / 100000000] (19.0054%) -- errors = 8074 , logical error rate = 0.000424826
[19087360 / 100000000] (19.0874%) -- errors = 8102 , logical error rate = 0.000424469
[19169280 / 100000000] (19.1693%) -- errors = 8132 , logical error rate = 0.00042422
[19251200 / 100000000] (19.2512%) -- errors = 8164 , logical error rate = 0.000424077
[19333120 / 100000000] (19.3331%) -- errors = 8197 , logical error rate = 0.000423987
[19415040 / 100000000] (19.415%) -- errors = 8230 , logical error rate = 0.000423898
[19496960 / 100000000] (19.497%) -- errors = 8257 , logical error rate = 0.000423502
[19578880 / 100000000] (19.5789%) -- errors = 8287 , logical error rate = 0.000423262
[19660800 / 100000000] (19.6608%) -- errors = 8310 , logical error rate = 0.000422668
[19742720 / 100000000] (19.7427%) -- errors = 8348 , logical error rate = 0.000422839
[19824640 / 100000000] (19.8246%) -- errors = 8387 , logical error rate = 0.000423059
[19906560 / 100000000] (19.9066%) -- errors = 8420 , logical error rate = 0.000422976
[19988480 / 100000000] (19.9885%) -- errors = 8455 , logical error rate = 0.000422994
[20070400 / 100000000] (20.0704%) -- errors = 8492 , logical error rate = 0.000423111
[20152320 / 100000000] (20.1523%) -- errors = 8531 , logical error rate = 0.000423326
[20234240 / 100000000] (20.2342%) -- errors = 8573 , logical error rate = 0.000423688
[20316160 / 100000000] (20.3162%) -- errors = 8605 , logical error rate = 0.000423554
[20398080 / 100000000] (20.3981%) -- errors = 8639 , logical error rate = 0.00042352
[20480000 / 100000000] (20.48%) -- errors = 8667 , logical error rate = 0.000423193
[20561920 / 100000000] (20.5619%) -- errors = 8690 , logical error rate = 0.000422626
[20643840 / 100000000] (20.6438%) -- errors = 8724 , logical error rate = 0.000422596
[20725760 / 100000000] (20.7258%) -- errors = 8766 , logical error rate = 0.000422952
[20807680 / 100000000] (20.8077%) -- errors = 8803 , logical error rate = 0.000423065
[20889600 / 100000000] (20.8896%) -- errors = 8845 , logical error rate = 0.000423416
[20971520 / 100000000] (20.9715%) -- errors = 8878 , logical error rate = 0.000423336
[21053440 / 100000000] (21.0534%) -- errors = 8920 , logical error rate = 0.000423684
[21135360 / 100000000] (21.1354%) -- errors = 8954 , logical error rate = 0.00042365
[21217280 / 100000000] (21.2173%) -- errors = 8980 , logical error rate = 0.00042324
[21299200 / 100000000] (21.2992%) -- errors = 9019 , logical error rate = 0.000423443
[21381120 / 100000000] (21.3811%) -- errors = 9055 , logical error rate = 0.000423504
[21463040 / 100000000] (21.463%) -- errors = 9084 , logical error rate = 0.000423239
[21544960 / 100000000] (21.545%) -- errors = 9120 , logical error rate = 0.000423301
[21626880 / 100000000] (21.6269%) -- errors = 9153 , logical error rate = 0.000423223
[21708800 / 100000000] (21.7088%) -- errors = 9184 , logical error rate = 0.000423054
[21790720 / 100000000] (21.7907%) -- errors = 9219 , logical error rate = 0.00042307
[21872640 / 100000000] (21.8726%) -- errors = 9252 , logical error rate = 0.000422994
[21954560 / 100000000] (21.9546%) -- errors = 9292 , logical error rate = 0.000423238
[22036480 / 100000000] (22.0365%) -- errors = 9328 , logical error rate = 0.000423298
[22118400 / 100000000] (22.1184%) -- errors = 9369 , logical error rate = 0.000423584
[22200320 / 100000000] (22.2003%) -- errors = 9398 , logical error rate = 0.000423327
[22282240 / 100000000] (22.2822%) -- errors = 9433 , logical error rate = 0.000423342
[22364160 / 100000000] (22.3642%) -- errors = 9469 , logical error rate = 0.000423401
[22446080 / 100000000] (22.4461%) -- errors = 9515 , logical error rate = 0.000423905
[22528000 / 100000000] (22.528%) -- errors = 9553 , logical error rate = 0.00042405
[22609920 / 100000000] (22.6099%) -- errors = 9592 , logical error rate = 0.000424239
[22691840 / 100000000] (22.6918%) -- errors = 9625 , logical error rate = 0.000424161
[22773760 / 100000000] (22.7738%) -- errors = 9669 , logical error rate = 0.000424568
[22855680 / 100000000] (22.8557%) -- errors = 9704 , logical error rate = 0.000424577
[22937600 / 100000000] (22.9376%) -- errors = 9734 , logical error rate = 0.000424369
[23019520 / 100000000] (23.0195%) -- errors = 9770 , logical error rate = 0.000424422
[23101440 / 100000000] (23.1014%) -- errors = 9809 , logical error rate = 0.000424606
[23183360 / 100000000] (23.1834%) -- errors = 9840 , logical error rate = 0.000424442
[23265280 / 100000000] (23.2653%) -- errors = 9876 , logical error rate = 0.000424495
[23347200 / 100000000] (23.3472%) -- errors = 9916 , logical error rate = 0.000424719
[23429120 / 100000000] (23.4291%) -- errors = 9967 , logical error rate = 0.000425411
[23511040 / 100000000] (23.511%) -- errors = 10008 , logical error rate = 0.000425672
Logical error rate: 0.000425672
SIGNED_GAP =================================
mean = 87.6425, std = 20.1645, min = -89.613, max = 166.122, count = 23511040
<-256:	0
-256 <= X < -254:	0
-254 <= X < -252:	0
-252 <= X < -250:	0
-250 <= X < -248:	0
-248 <= X < -246:	0
-246 <= X < -244:	0
-244 <= X < -242:	0
-242 <= X < -240:	0
-240 <= X < -238:	0
-238 <= X < -236:	0
-236 <= X < -234:	0
-234 <= X < -232:	0
-232 <= X < -230:	0
-230 <= X < -228:	0
-228 <= X < -226:	0
-226 <= X < -224:	0
-224 <= X < -222:	0
-222 <= X < -220:	0
-220 <= X < -218:	0
-218 <= X < -216:	0
-216 <= X < -214:	0
-214 <= X < -212:	0
-212 <= X < -210:	0
-210 <= X < -208:	0
-208 <= X < -206:	0
-206 <= X < -204:	0
-204 <= X < -202:	0
-202 <= X < -200:	0
-200 <= X < -198:	0
-198 <= X < -196:	0
-196 <= X < -194:	0
-194 <= X < -192:	0
-192 <= X < -190:	0
-190 <= X < -188:	0
-188 <= X < -186:	0
-186 <= X < -184:	0
-184 <= X < -182:	0
-182 <= X < -180:	0
-180 <= X < -178:	0
-178 <= X < -176:	0
-176 <= X < -174:	0
-174 <= X < -172:	0
-172 <= X < -170:	0
-170 <= X < -168:	0
-168 <= X < -166:	0
-166 <= X < -164:	0
-164 <= X < -162:	0
-162 <= X < -160:	0
-160 <= X < -158:	0
-158 <= X < -156:	0
-156 <= X < -154:	0
-154 <= X < -152:	0
-152 <= X < -150:	0
-150 <= X < -148:	0
-148 <= X < -146:	0
-146 <= X < -144:	0
-144 <= X < -142:	0
-142 <= X < -140:	0
-140 <= X < -138:	0
-138 <= X < -136:	0
-136 <= X < -134:	0
-134 <= X < -132:	0
-132 <= X < -130:	0
-130 <= X < -128:	0
-128 <= X < -126:	0
-126 <= X < -124:	0
-124 <= X < -122:	0
-122 <= X < -120:	0
-120 <= X < -118:	0
-118 <= X < -116:	0
-116 <= X < -114:	0
-114 <= X < -112:	0
-112 <= X < -110:	0
-110 <= X < -108:	0
-108 <= X < -106:	0
-106 <= X < -104:	0
-104 <= X < -102:	0
-102 <= X < -100:	0
-100 <= X < -98:	0
-98 <= X < -96:	0
-96 <= X < -94:	0
-94 <= X < -92:	0
-92 <= X < -90:	0
-90 <= X < -88:	1
-88 <= X < -86:	0
-86 <= X < -84:	1
-84 <= X < -82:	0
-82 <= X < -80:	0
-80 <= X < -78:	0
-78 <= X < -76:	0
-76 <= X < -74:	0
-74 <= X < -72:	0
-72 <= X < -70:	0
-70 <= X < -68:	1
-68 <= X < -66:	0
-66 <= X < -64:	2
-64 <= X < -62:	0
-62 <= X < -60:	0
-60 <= X < -58:	3
-58 <= X < -56:	3
-56 <= X < -54:	5
-54 <= X < -52:	7
-52 <= X < -50:	8
-50 <= X < -48:	5
-48 <= X < -46:	9
-46 <= X < -44:	12
-44 <= X < -42:	19
-42 <= X < -40:	21
-40 <= X < -38:	29
-38 <= X < -36:	43
-36 <= X < -34:	37
-34 <= X < -32:	38
-32 <= X < -30:	73
-30 <= X < -28:	81
-28 <= X < -26:	131
-26 <= X < -24:	141
-24 <= X < -22:	190
-22 <= X < -20:	230
-20 <= X < -18:	317
-18 <= X < -16:	362
-16 <= X < -14:	414
-14 <= X < -12:	571
-12 <= X < -10:	696
-10 <= X < -8:	831
-8 <= X < -6:	973
-6 <= X < -4:	1333
-4 <= X < -2:	1602
-2 <= X < 0:	1817
0 <= X < 2:	2252
2 <= X < 4:	2826
4 <= X < 6:	3558
6 <= X < 8:	4047
8 <= X < 10:	4991
10 <= X < 12:	6468
12 <= X < 14:	7950
14 <= X < 16:	8664
16 <= X < 18:	10863
18 <= X < 20:	14388
20 <= X < 22:	16081
22 <= X < 24:	17765
24 <= X < 26:	22079
26 <= X < 28:	28207
28 <= X < 30:	31112
30 <= X < 32:	35400
32 <= X < 34:	42807
34 <= X < 36:	52498
36 <= X < 38:	60323
38 <= X < 40:	66910
40 <= X < 42:	80622
42 <= X < 44:	100372
44 <= X < 46:	111979
46 <= X < 48:	122409
48 <= X < 50:	154604
50 <= X < 52:	185960
52 <= X < 54:	194490
54 <= X < 56:	216514
56 <= X < 58:	277793
58 <= X < 60:	306162
60 <= X < 62:	321815
62 <= X < 64:	351426
64 <= X < 66:	408986
66 <= X < 68:	487866
68 <= X < 70:	487895
70 <= X < 72:	527059
72 <= X < 74:	616348
74 <= X < 76:	687151
76 <= X < 78:	696107
78 <= X < 80:	721843
80 <= X < 82:	834906
82 <= X < 84:	901018
84 <= X < 86:	854580
86 <= X < 88:	960176
88 <= X < 90:	1026106
90 <= X < 92:	980906
92 <= X < 94:	927040
94 <= X < 96:	996439
96 <= X < 98:	991575
98 <= X < 100:	916021
100 <= X < 102:	834662
102 <= X < 104:	785810
104 <= X < 106:	805080
106 <= X < 108:	721143
108 <= X < 110:	590745
110 <= X < 112:	542799
112 <= X < 114:	499917
114 <= X < 116:	404468
116 <= X < 118:	312502
118 <= X < 120:	269867
120 <= X < 122:	235836
122 <= X < 124:	166978
124 <= X < 126:	141043
126 <= X < 128:	99133
128 <= X < 130:	68936
130 <= X < 132:	45616
132 <= X < 134:	32424
134 <= X < 136:	21799
136 <= X < 138:	14761
138 <= X < 140:	8920
140 <= X < 142:	5226
142 <= X < 144:	3562
144 <= X < 146:	2355
146 <= X < 148:	985
148 <= X < 150:	524
150 <= X < 152:	325
152 <= X < 154:	126
154 <= X < 156:	77
156 <= X < 158:	28
158 <= X < 160:	12
160 <= X < 162:	12
162 <= X < 164:	4
164 <= X < 166:	1
166 <= X < 168:	1
168 <= X < 170:	0
170 <= X < 172:	0
172 <= X < 174:	0
174 <= X < 176:	0
176 <= X < 178:	0
178 <= X < 180:	0
180 <= X < 182:	0
182 <= X < 184:	0
184 <= X < 186:	0
186 <= X < 188:	0
188 <= X < 190:	0
190 <= X < 192:	0
192 <= X < 194:	0
194 <= X < 196:	0
196 <= X < 198:	0
198 <= X < 200:	0
200 <= X < 202:	0
202 <= X < 204:	0
204 <= X < 206:	0
206 <= X < 208:	0
208 <= X < 210:	0
210 <= X < 212:	0
212 <= X < 214:	0
214 <= X < 216:	0
216 <= X < 218:	0
218 <= X < 220:	0
220 <= X < 222:	0
222 <= X < 224:	0
224 <= X < 226:	0
226 <= X < 228:	0
228 <= X < 230:	0
230 <= X < 232:	0
232 <= X < 234:	0
234 <= X < 236:	0
236 <= X < 238:	0
238 <= X < 240:	0
240 <= X < 242:	0
242 <= X < 244:	0
244 <= X < 246:	0
246 <= X < 248:	0
248 <= X < 250:	0
250 <= X < 252:	0
252 <= X < 254:	0
254 <= X < 256:	0
>=256:	0

UNSIGNED_GAP =================================
mean = 87.6503, std = 20.1307, min = 0, max = 166.122, count = 23511040
<0:	0
0 <= X < 1:	2163
1 <= X < 2:	1906
2 <= X < 3:	2351
3 <= X < 4:	2077
4 <= X < 5:	2204
5 <= X < 6:	2687
6 <= X < 7:	2134
7 <= X < 8:	2886
8 <= X < 9:	2992
9 <= X < 10:	2830
10 <= X < 11:	3658
11 <= X < 12:	3506
12 <= X < 13:	3795
13 <= X < 14:	4726
14 <= X < 15:	4008
15 <= X < 16:	5070
16 <= X < 17:	6001
17 <= X < 18:	5224
18 <= X < 19:	7276
19 <= X < 20:	7429
20 <= X < 21:	6885
21 <= X < 22:	9426
22 <= X < 23:	8175
23 <= X < 24:	9780
24 <= X < 25:	11926
25 <= X < 26:	10294
26 <= X < 27:	13887
27 <= X < 28:	14451
28 <= X < 29:	12887
29 <= X < 30:	18306
30 <= X < 31:	17437
31 <= X < 32:	18036
32 <= X < 33:	22720
33 <= X < 34:	20125
34 <= X < 35:	25831
35 <= X < 36:	26704
36 <= X < 37:	26145
37 <= X < 38:	34221
38 <= X < 39:	31506
39 <= X < 40:	35433
40 <= X < 41:	43293
41 <= X < 42:	37350
42 <= X < 43:	49465
43 <= X < 44:	50926
44 <= X < 45:	47383
45 <= X < 46:	64608
46 <= X < 47:	59598
47 <= X < 48:	62820
48 <= X < 49:	82040
49 <= X < 50:	72569
50 <= X < 51:	89423
51 <= X < 52:	96545
52 <= X < 53:	82459
53 <= X < 54:	112038
54 <= X < 55:	109959
55 <= X < 56:	106560
56 <= X < 57:	148835
57 <= X < 58:	128961
58 <= X < 59:	142151
59 <= X < 60:	164014
60 <= X < 61:	139877
61 <= X < 62:	181938
62 <= X < 63:	182757
63 <= X < 64:	168669
64 <= X < 65:	230948
65 <= X < 66:	178040
66 <= X < 67:	229319
67 <= X < 68:	258547
68 <= X < 69:	203103
69 <= X < 70:	284793
70 <= X < 71:	272845
71 <= X < 72:	254214
72 <= X < 73:	330421
73 <= X < 74:	285927
74 <= X < 75:	318348
75 <= X < 76:	368803
76 <= X < 77:	300496
77 <= X < 78:	395611
78 <= X < 79:	377719
79 <= X < 80:	344124
80 <= X < 81:	453365
81 <= X < 82:	381541
82 <= X < 83:	405283
83 <= X < 84:	495735
84 <= X < 85:	379409
85 <= X < 86:	475172
86 <= X < 87:	501638
87 <= X < 88:	458538
88 <= X < 89:	547695
89 <= X < 90:	478412
90 <= X < 91:	429097
91 <= X < 92:	551809
92 <= X < 93:	435992
93 <= X < 94:	491048
94 <= X < 95:	566137
95 <= X < 96:	430302
96 <= X < 97:	520136
97 <= X < 98:	471439
98 <= X < 99:	402225
99 <= X < 100:	513796
100 <= X < 101:	382693
101 <= X < 102:	451969
102 <= X < 103:	443728
103 <= X < 104:	342082
104 <= X < 105:	450130
105 <= X < 106:	354950
106 <= X < 107:	325116
107 <= X < 108:	396027
108 <= X < 109:	288993
109 <= X < 110:	301752
110 <= X < 111:	318268
111 <= X < 112:	224531
112 <= X < 113:	273876
113 <= X < 114:	226041
114 <= X < 115:	187763
115 <= X < 116:	216705
116 <= X < 117:	162277
117 <= X < 118:	150225
118 <= X < 119:	165962
119 <= X < 120:	103905
120 <= X < 121:	126165
121 <= X < 122:	109671
122 <= X < 123:	76116
123 <= X < 124:	90862
124 <= X < 125:	74687
125 <= X < 126:	66356
126 <= X < 127:	63039
127 <= X < 128:	36094
128 <= X < 129:	37009
129 <= X < 130:	31927
130 <= X < 131:	21697
131 <= X < 132:	23919
132 <= X < 133:	18388
133 <= X < 134:	14036
134 <= X < 135:	13121
135 <= X < 136:	8678
136 <= X < 137:	8114
137 <= X < 138:	6647
138 <= X < 139:	4297
139 <= X < 140:	4623
140 <= X < 141:	3037
141 <= X < 142:	2189
142 <= X < 143:	2353
143 <= X < 144:	1209
144 <= X < 145:	1306
145 <= X < 146:	1049
146 <= X < 147:	423
147 <= X < 148:	562
148 <= X < 149:	308
149 <= X < 150:	216
150 <= X < 151:	204
151 <= X < 152:	121
152 <= X < 153:	64
153 <= X < 154:	62
154 <= X < 155:	40
155 <= X < 156:	37
156 <= X < 157:	15
157 <= X < 158:	13
158 <= X < 159:	5
159 <= X < 160:	7
160 <= X < 161:	5
161 <= X < 162:	7
162 <= X < 163:	3
163 <= X < 164:	1
164 <= X < 165:	1
165 <= X < 166:	0
166 <= X < 167:	1
167 <= X < 168:	0
168 <= X < 169:	0
169 <= X < 170:	0
170 <= X < 171:	0
171 <= X < 172:	0
172 <= X < 173:	0
173 <= X < 174:	0
174 <= X < 175:	0
175 <= X < 176:	0
176 <= X < 177:	0
177 <= X < 178:	0
178 <= X < 179:	0
179 <= X < 180:	0
180 <= X < 181:	0
181 <= X < 182:	0
182 <= X < 183:	0
183 <= X < 184:	0
184 <= X < 185:	0
185 <= X < 186:	0
186 <= X < 187:	0
187 <= X < 188:	0
188 <= X < 189:	0
189 <= X < 190:	0
190 <= X < 191:	0
191 <= X < 192:	0
192 <= X < 193:	0
193 <= X < 194:	0
194 <= X < 195:	0
195 <= X < 196:	0
196 <= X < 197:	0
197 <= X < 198:	0
198 <= X < 199:	0
199 <= X < 200:	0
200 <= X < 201:	0
201 <= X < 202:	0
202 <= X < 203:	0
203 <= X < 204:	0
204 <= X < 205:	0
205 <= X < 206:	0
206 <= X < 207:	0
207 <= X < 208:	0
208 <= X < 209:	0
209 <= X < 210:	0
210 <= X < 211:	0
211 <= X < 212:	0
212 <= X < 213:	0
213 <= X < 214:	0
214 <= X < 215:	0
215 <= X < 216:	0
216 <= X < 217:	0
217 <= X < 218:	0
218 <= X < 219:	0
219 <= X < 220:	0
220 <= X < 221:	0
221 <= X < 222:	0
222 <= X < 223:	0
223 <= X < 224:	0
224 <= X < 225:	0
225 <= X < 226:	0
226 <= X < 227:	0
227 <= X < 228:	0
228 <= X < 229:	0
229 <= X < 230:	0
230 <= X < 231:	0
231 <= X < 232:	0
232 <= X < 233:	0
233 <= X < 234:	0
234 <= X < 235:	0
235 <= X < 236:	0
236 <= X < 237:	0
237 <= X < 238:	0
238 <= X < 239:	0
239 <= X < 240:	0
240 <= X < 241:	0
241 <= X < 242:	0
242 <= X < 243:	0
243 <= X < 244:	0
244 <= X < 245:	0
245 <= X < 246:	0
246 <= X < 247:	0
247 <= X < 248:	0
248 <= X < 249:	0
249 <= X < 250:	0
250 <= X < 251:	0
251 <= X < 252:	0
252 <= X < 253:	0
253 <= X < 254:	0
254 <= X < 255:	0
255 <= X < 256:	0
>=256:	0

UNSIGNED_GAP_ERRORS =================================
mean = 9.13283, std = 8.73843, min = 0, max = 89.613, count = 10008
<0:	0
0 <= X < 1:	1019
1 <= X < 2:	800
2 <= X < 3:	906
3 <= X < 4:	696
4 <= X < 5:	670
5 <= X < 6:	663
6 <= X < 7:	450
7 <= X < 8:	523
8 <= X < 9:	461
9 <= X < 10:	370
10 <= X < 11:	372
11 <= X < 12:	324
12 <= X < 13:	277
13 <= X < 14:	294
14 <= X < 15:	188
15 <= X < 16:	226
16 <= X < 17:	210
17 <= X < 18:	152
18 <= X < 19:	181
19 <= X < 20:	136
20 <= X < 21:	114
21 <= X < 22:	116
22 <= X < 23:	84
23 <= X < 24:	106
24 <= X < 25:	82
25 <= X < 26:	59
26 <= X < 27:	73
27 <= X < 28:	58
28 <= X < 29:	35
29 <= X < 30:	46
30 <= X < 31:	40
31 <= X < 32:	33
32 <= X < 33:	23
33 <= X < 34:	15
34 <= X < 35:	21
35 <= X < 36:	16
36 <= X < 37:	24
37 <= X < 38:	19
38 <= X < 39:	12
39 <= X < 40:	17
40 <= X < 41:	9
41 <= X < 42:	12
42 <= X < 43:	6
43 <= X < 44:	13
44 <= X < 45:	3
45 <= X < 46:	9
46 <= X < 47:	5
47 <= X < 48:	4
48 <= X < 49:	2
49 <= X < 50:	3
50 <= X < 51:	2
51 <= X < 52:	6
52 <= X < 53:	2
53 <= X < 54:	5
54 <= X < 55:	5
55 <= X < 56:	0
56 <= X < 57:	3
57 <= X < 58:	0
58 <= X < 59:	3
59 <= X < 60:	0
60 <= X < 61:	0
61 <= X < 62:	0
62 <= X < 63:	0
63 <= X < 64:	0
64 <= X < 65:	1
65 <= X < 66:	1
66 <= X < 67:	0
67 <= X < 68:	0
68 <= X < 69:	1
69 <= X < 70:	0
70 <= X < 71:	0
71 <= X < 72:	0
72 <= X < 73:	0
73 <= X < 74:	0
74 <= X < 75:	0
75 <= X < 76:	0
76 <= X < 77:	0
77 <= X < 78:	0
78 <= X < 79:	0
79 <= X < 80:	0
80 <= X < 81:	0
81 <= X < 82:	0
82 <= X < 83:	0
83 <= X < 84:	0
84 <= X < 85:	1
85 <= X < 86:	0
86 <= X < 87:	0
87 <= X < 88:	0
88 <= X < 89:	0
89 <= X < 90:	1
90 <= X < 91:	0
91 <= X < 92:	0
92 <= X < 93:	0
93 <= X < 94:	0
94 <= X < 95:	0
95 <= X < 96:	0
96 <= X < 97:	0
97 <= X < 98:	0
98 <= X < 99:	0
99 <= X < 100:	0
100 <= X < 101:	0
101 <= X < 102:	0
102 <= X < 103:	0
103 <= X < 104:	0
104 <= X < 105:	0
105 <= X < 106:	0
106 <= X < 107:	0
107 <= X < 108:	0
108 <= X < 109:	0
109 <= X < 110:	0
110 <= X < 111:	0
111 <= X < 112:	0
112 <= X < 113:	0
113 <= X < 114:	0
114 <= X < 115:	0
115 <= X < 116:	0
116 <= X < 117:	0
117 <= X < 118:	0
118 <= X < 119:	0
119 <= X < 120:	0
120 <= X < 121:	0
121 <= X < 122:	0
122 <= X < 123:	0
123 <= X < 124:	0
124 <= X < 125:	0
125 <= X < 126:	0
126 <= X < 127:	0
127 <= X < 128:	0
128 <= X < 129:	0
129 <= X < 130:	0
130 <= X < 131:	0
131 <= X < 132:	0
132 <= X < 133:	0
133 <= X < 134:	0
134 <= X < 135:	0
135 <= X < 136:	0
136 <= X < 137:	0
137 <= X < 138:	0
138 <= X < 139:	0
139 <= X < 140:	0
140 <= X < 141:	0
141 <= X < 142:	0
142 <= X < 143:	0
143 <= X < 144:	0
144 <= X < 145:	0
145 <= X < 146:	0
146 <= X < 147:	0
147 <= X < 148:	0
148 <= X < 149:	0
149 <= X < 150:	0
150 <= X < 151:	0
151 <= X < 152:	0
152 <= X < 153:	0
153 <= X < 154:	0
154 <= X < 155:	0
155 <= X < 156:	0
156 <= X < 157:	0
157 <= X < 158:	0
158 <= X < 159:	0
159 <= X < 160:	0
160 <= X < 161:	0
161 <= X < 162:	0
162 <= X < 163:	0
163 <= X < 164:	0
164 <= X < 165:	0
165 <= X < 166:	0
166 <= X < 167:	0
167 <= X < 168:	0
168 <= X < 169:	0
169 <= X < 170:	0
170 <= X < 171:	0
171 <= X < 172:	0
172 <= X < 173:	0
173 <= X < 174:	0
174 <= X < 175:	0
175 <= X < 176:	0
176 <= X < 177:	0
177 <= X < 178:	0
178 <= X < 179:	0
179 <= X < 180:	0
180 <= X < 181:	0
181 <= X < 182:	0
182 <= X < 183:	0
183 <= X < 184:	0
184 <= X < 185:	0
185 <= X < 186:	0
186 <= X < 187:	0
187 <= X < 188:	0
188 <= X < 189:	0
189 <= X < 190:	0
190 <= X < 191:	0
191 <= X < 192:	0
192 <= X < 193:	0
193 <= X < 194:	0
194 <= X < 195:	0
195 <= X < 196:	0
196 <= X < 197:	0
197 <= X < 198:	0
198 <= X < 199:	0
199 <= X < 200:	0
200 <= X < 201:	0
201 <= X < 202:	0
202 <= X < 203:	0
203 <= X < 204:	0
204 <= X < 205:	0
205 <= X < 206:	0
206 <= X < 207:	0
207 <= X < 208:	0
208 <= X < 209:	0
209 <= X < 210:	0
210 <= X < 211:	0
211 <= X < 212:	0
212 <= X < 213:	0
213 <= X < 214:	0
214 <= X < 215:	0
215 <= X < 216:	0
216 <= X < 217:	0
217 <= X < 218:	0
218 <= X < 219:	0
219 <= X < 220:	0
220 <= X < 221:	0
221 <= X < 222:	0
222 <= X < 223:	0
223 <= X < 224:	0
224 <= X < 225:	0
225 <= X < 226:	0
226 <= X < 227:	0
227 <= X < 228:	0
228 <= X < 229:	0
229 <= X < 230:	0
230 <= X < 231:	0
231 <= X < 232:	0
232 <= X < 233:	0
233 <= X < 234:	0
234 <= X < 235:	0
235 <= X < 236:	0
236 <= X < 237:	0
237 <= X < 238:	0
238 <= X < 239:	0
239 <= X < 240:	0
240 <= X < 241:	0
241 <= X < 242:	0
242 <= X < 243:	0
243 <= X < 244:	0
244 <= X < 245:	0
245 <= X < 246:	0
246 <= X < 247:	0
247 <= X < 248:	0
248 <= X < 249:	0
249 <= X < 250:	0
250 <= X < 251:	0
251 <= X < 252:	0
252 <= X < 253:	0
253 <= X < 254:	0
254 <= X < 255:	0
255 <= X < 256:	0
>=256:	0

normalization constant = 4.28907e+06
decibels per weight = 1.01256e-06
