[81920 / 100000] (81.92%) -- errors = 0 , logical error rate = 0
[163840 / 100000] (163.84%) -- errors = 0 , logical error rate = 0
Logical error rate: 0
SIGNED_GAP =================================
mean = 185.149, std = 23.3001, min = 24.0111, max = 262.199, count = 163840
<-256:	0
-256 <= X < -254:	0
-254 <= X < -252:	0
-252 <= X < -250:	0
-250 <= X < -248:	0
-248 <= X < -246:	0
-246 <= X < -244:	0
-244 <= X < -242:	0
-242 <= X < -240:	0
-240 <= X < -238:	0
-238 <= X < -236:	0
-236 <= X < -234:	0
-234 <= X < -232:	0
-232 <= X < -230:	0
-230 <= X < -228:	0
-228 <= X < -226:	0
-226 <= X < -224:	0
-224 <= X < -222:	0
-222 <= X < -220:	0
-220 <= X < -218:	0
-218 <= X < -216:	0
-216 <= X < -214:	0
-214 <= X < -212:	0
-212 <= X < -210:	0
-210 <= X < -208:	0
-208 <= X < -206:	0
-206 <= X < -204:	0
-204 <= X < -202:	0
-202 <= X < -200:	0
-200 <= X < -198:	0
-198 <= X < -196:	0
-196 <= X < -194:	0
-194 <= X < -192:	0
-192 <= X < -190:	0
-190 <= X < -188:	0
-188 <= X < -186:	0
-186 <= X < -184:	0
-184 <= X < -182:	0
-182 <= X < -180:	0
-180 <= X < -178:	0
-178 <= X < -176:	0
-176 <= X < -174:	0
-174 <= X < -172:	0
-172 <= X < -170:	0
-170 <= X < -168:	0
-168 <= X < -166:	0
-166 <= X < -164:	0
-164 <= X < -162:	0
-162 <= X < -160:	0
-160 <= X < -158:	0
-158 <= X < -156:	0
-156 <= X < -154:	0
-154 <= X < -152:	0
-152 <= X < -150:	0
-150 <= X < -148:	0
-148 <= X < -146:	0
-146 <= X < -144:	0
-144 <= X < -142:	0
-142 <= X < -140:	0
-140 <= X < -138:	0
-138 <= X < -136:	0
-136 <= X < -134:	0
-134 <= X < -132:	0
-132 <= X < -130:	0
-130 <= X < -128:	0
-128 <= X < -126:	0
-126 <= X < -124:	0
-124 <= X < -122:	0
-122 <= X < -120:	0
-120 <= X < -118:	0
-118 <= X < -116:	0
-116 <= X < -114:	0
-114 <= X < -112:	0
-112 <= X < -110:	0
-110 <= X < -108:	0
-108 <= X < -106:	0
-106 <= X < -104:	0
-104 <= X < -102:	0
-102 <= X < -100:	0
-100 <= X < -98:	0
-98 <= X < -96:	0
-96 <= X < -94:	0
-94 <= X < -92:	0
-92 <= X < -90:	0
-90 <= X < -88:	0
-88 <= X < -86:	0
-86 <= X < -84:	0
-84 <= X < -82:	0
-82 <= X < -80:	0
-80 <= X < -78:	0
-78 <= X < -76:	0
-76 <= X < -74:	0
-74 <= X < -72:	0
-72 <= X < -70:	0
-70 <= X < -68:	0
-68 <= X < -66:	0
-66 <= X < -64:	0
-64 <= X < -62:	0
-62 <= X < -60:	0
-60 <= X < -58:	0
-58 <= X < -56:	0
-56 <= X < -54:	0
-54 <= X < -52:	0
-52 <= X < -50:	0
-50 <= X < -48:	0
-48 <= X < -46:	0
-46 <= X < -44:	0
-44 <= X < -42:	0
-42 <= X < -40:	0
-40 <= X < -38:	0
-38 <= X < -36:	0
-36 <= X < -34:	0
-34 <= X < -32:	0
-32 <= X < -30:	0
-30 <= X < -28:	0
-28 <= X < -26:	0
-26 <= X < -24:	0
-24 <= X < -22:	0
-22 <= X < -20:	0
-20 <= X < -18:	0
-18 <= X < -16:	0
-16 <= X < -14:	0
-14 <= X < -12:	0
-12 <= X < -10:	0
-10 <= X < -8:	0
-8 <= X < -6:	0
-6 <= X < -4:	0
-4 <= X < -2:	0
-2 <= X < 0:	0
0 <= X < 2:	0
2 <= X < 4:	0
4 <= X < 6:	0
6 <= X < 8:	0
8 <= X < 10:	0
10 <= X < 12:	0
12 <= X < 14:	0
14 <= X < 16:	0
16 <= X < 18:	0
18 <= X < 20:	0
20 <= X < 22:	0
22 <= X < 24:	0
24 <= X < 26:	1
26 <= X < 28:	0
28 <= X < 30:	0
30 <= X < 32:	1
32 <= X < 34:	0
34 <= X < 36:	0
36 <= X < 38:	0
38 <= X < 40:	0
40 <= X < 42:	0
42 <= X < 44:	0
44 <= X < 46:	1
46 <= X < 48:	1
48 <= X < 50:	1
50 <= X < 52:	1
52 <= X < 54:	0
54 <= X < 56:	0
56 <= X < 58:	6
58 <= X < 60:	1
60 <= X < 62:	2
62 <= X < 64:	2
64 <= X < 66:	6
66 <= X < 68:	2
68 <= X < 70:	5
70 <= X < 72:	5
72 <= X < 74:	6
74 <= X < 76:	5
76 <= X < 78:	11
78 <= X < 80:	8
80 <= X < 82:	17
82 <= X < 84:	21
84 <= X < 86:	24
86 <= X < 88:	20
88 <= X < 90:	30
90 <= X < 92:	22
92 <= X < 94:	40
94 <= X < 96:	42
96 <= X < 98:	56
98 <= X < 100:	49
100 <= X < 102:	62
102 <= X < 104:	74
104 <= X < 106:	81
106 <= X < 108:	102
108 <= X < 110:	127
110 <= X < 112:	115
112 <= X < 114:	156
114 <= X < 116:	176
116 <= X < 118:	197
118 <= X < 120:	216
120 <= X < 122:	259
122 <= X < 124:	273
124 <= X < 126:	331
126 <= X < 128:	386
128 <= X < 130:	460
130 <= X < 132:	480
132 <= X < 134:	536
134 <= X < 136:	623
136 <= X < 138:	611
138 <= X < 140:	815
140 <= X < 142:	927
142 <= X < 144:	1093
144 <= X < 146:	1225
146 <= X < 148:	1276
148 <= X < 150:	1503
150 <= X < 152:	1619
152 <= X < 154:	1758
154 <= X < 156:	1969
156 <= X < 158:	2173
158 <= X < 160:	2508
160 <= X < 162:	2692
162 <= X < 164:	2954
164 <= X < 166:	3059
166 <= X < 168:	3474
168 <= X < 170:	3690
170 <= X < 172:	4025
172 <= X < 174:	4377
174 <= X < 176:	4556
176 <= X < 178:	4807
178 <= X < 180:	5043
180 <= X < 182:	5245
182 <= X < 184:	5519
184 <= X < 186:	5659
186 <= X < 188:	5712
188 <= X < 190:	5989
190 <= X < 192:	6004
192 <= X < 194:	6096
194 <= X < 196:	5928
196 <= X < 198:	5680
198 <= X < 200:	5562
200 <= X < 202:	5396
202 <= X < 204:	5168
204 <= X < 206:	4780
206 <= X < 208:	4383
208 <= X < 210:	4115
210 <= X < 212:	3672
212 <= X < 214:	3278
214 <= X < 216:	2816
216 <= X < 218:	2364
218 <= X < 220:	2062
220 <= X < 222:	1728
222 <= X < 224:	1369
224 <= X < 226:	1047
226 <= X < 228:	839
228 <= X < 230:	635
230 <= X < 232:	500
232 <= X < 234:	341
234 <= X < 236:	247
236 <= X < 238:	172
238 <= X < 240:	123
240 <= X < 242:	80
242 <= X < 244:	55
244 <= X < 246:	34
246 <= X < 248:	17
248 <= X < 250:	11
250 <= X < 252:	12
252 <= X < 254:	3
254 <= X < 256:	3
>=256:	2

UNSIGNED_GAP =================================
mean = 185.149, std = 23.3001, min = 24.0111, max = 262.199, count = 163840
<0:	0
0 <= X < 1:	0
1 <= X < 2:	0
2 <= X < 3:	0
3 <= X < 4:	0
4 <= X < 5:	0
5 <= X < 6:	0
6 <= X < 7:	0
7 <= X < 8:	0
8 <= X < 9:	0
9 <= X < 10:	0
10 <= X < 11:	0
11 <= X < 12:	0
12 <= X < 13:	0
13 <= X < 14:	0
14 <= X < 15:	0
15 <= X < 16:	0
16 <= X < 17:	0
17 <= X < 18:	0
18 <= X < 19:	0
19 <= X < 20:	0
20 <= X < 21:	0
21 <= X < 22:	0
22 <= X < 23:	0
23 <= X < 24:	0
24 <= X < 25:	1
25 <= X < 26:	0
26 <= X < 27:	0
27 <= X < 28:	0
28 <= X < 29:	0
29 <= X < 30:	0
30 <= X < 31:	1
31 <= X < 32:	0
32 <= X < 33:	0
33 <= X < 34:	0
34 <= X < 35:	0
35 <= X < 36:	0
36 <= X < 37:	0
37 <= X < 38:	0
38 <= X < 39:	0
39 <= X < 40:	0
40 <= X < 41:	0
41 <= X < 42:	0
42 <= X < 43:	0
43 <= X < 44:	0
44 <= X < 45:	0
45 <= X < 46:	1
46 <= X < 47:	1
47 <= X < 48:	0
48 <= X < 49:	1
49 <= X < 50:	0
50 <= X < 51:	1
51 <= X < 52:	0
52 <= X < 53:	0
53 <= X < 54:	0
54 <= X < 55:	0
55 <= X < 56:	0
56 <= X < 57:	2
57 <= X < 58:	4
58 <= X < 59:	1
59 <= X < 60:	0
60 <= X < 61:	0
61 <= X < 62:	2
62 <= X < 63:	2
63 <= X < 64:	0
64 <= X < 65:	3
65 <= X < 66:	3
66 <= X < 67:	1
67 <= X < 68:	1
68 <= X < 69:	2
69 <= X < 70:	3
70 <= X < 71:	4
71 <= X < 72:	1
72 <= X < 73:	6
73 <= X < 74:	0
74 <= X < 75:	5
75 <= X < 76:	0
76 <= X < 77:	5
77 <= X < 78:	6
78 <= X < 79:	4
79 <= X < 80:	4
80 <= X < 81:	10
81 <= X < 82:	7
82 <= X < 83:	7
83 <= X < 84:	14
84 <= X < 85:	15
85 <= X < 86:	9
86 <= X < 87:	10
87 <= X < 88:	10
88 <= X < 89:	14
89 <= X < 90:	16
90 <= X < 91:	11
91 <= X < 92:	11
92 <= X < 93:	24
93 <= X < 94:	16
94 <= X < 95:	26
95 <= X < 96:	16
96 <= X < 97:	25
97 <= X < 98:	31
98 <= X < 99:	21
99 <= X < 100:	28
100 <= X < 101:	30
101 <= X < 102:	32
102 <= X < 103:	31
103 <= X < 104:	43
104 <= X < 105:	40
105 <= X < 106:	41
106 <= X < 107:	62
107 <= X < 108:	40
108 <= X < 109:	70
109 <= X < 110:	57
110 <= X < 111:	48
111 <= X < 112:	67
112 <= X < 113:	78
113 <= X < 114:	78
114 <= X < 115:	78
115 <= X < 116:	98
116 <= X < 117:	88
117 <= X < 118:	109
118 <= X < 119:	111
119 <= X < 120:	105
120 <= X < 121:	123
121 <= X < 122:	136
122 <= X < 123:	124
123 <= X < 124:	149
124 <= X < 125:	158
125 <= X < 126:	173
126 <= X < 127:	187
127 <= X < 128:	199
128 <= X < 129:	217
129 <= X < 130:	243
130 <= X < 131:	242
131 <= X < 132:	238
132 <= X < 133:	276
133 <= X < 134:	260
134 <= X < 135:	292
135 <= X < 136:	331
136 <= X < 137:	303
137 <= X < 138:	308
138 <= X < 139:	377
139 <= X < 140:	438
140 <= X < 141:	451
141 <= X < 142:	476
142 <= X < 143:	554
143 <= X < 144:	539
144 <= X < 145:	597
145 <= X < 146:	628
146 <= X < 147:	604
147 <= X < 148:	672
148 <= X < 149:	748
149 <= X < 150:	755
150 <= X < 151:	792
151 <= X < 152:	827
152 <= X < 153:	848
153 <= X < 154:	910
154 <= X < 155:	947
155 <= X < 156:	1022
156 <= X < 157:	1062
157 <= X < 158:	1111
158 <= X < 159:	1227
159 <= X < 160:	1281
160 <= X < 161:	1325
161 <= X < 162:	1367
162 <= X < 163:	1408
163 <= X < 164:	1546
164 <= X < 165:	1533
165 <= X < 166:	1526
166 <= X < 167:	1718
167 <= X < 168:	1756
168 <= X < 169:	1803
169 <= X < 170:	1887
170 <= X < 171:	1961
171 <= X < 172:	2064
172 <= X < 173:	2207
173 <= X < 174:	2170
174 <= X < 175:	2217
175 <= X < 176:	2339
176 <= X < 177:	2354
177 <= X < 178:	2453
178 <= X < 179:	2449
179 <= X < 180:	2594
180 <= X < 181:	2623
181 <= X < 182:	2622
182 <= X < 183:	2711
183 <= X < 184:	2808
184 <= X < 185:	2798
185 <= X < 186:	2861
186 <= X < 187:	2864
187 <= X < 188:	2848
188 <= X < 189:	2991
189 <= X < 190:	2998
190 <= X < 191:	3001
191 <= X < 192:	3003
192 <= X < 193:	2978
193 <= X < 194:	3118
194 <= X < 195:	2999
195 <= X < 196:	2929
196 <= X < 197:	2964
197 <= X < 198:	2716
198 <= X < 199:	2800
199 <= X < 200:	2762
200 <= X < 201:	2681
201 <= X < 202:	2715
202 <= X < 203:	2624
203 <= X < 204:	2544
204 <= X < 205:	2482
205 <= X < 206:	2298
206 <= X < 207:	2235
207 <= X < 208:	2148
208 <= X < 209:	2035
209 <= X < 210:	2080
210 <= X < 211:	1859
211 <= X < 212:	1813
212 <= X < 213:	1703
213 <= X < 214:	1575
214 <= X < 215:	1501
215 <= X < 216:	1315
216 <= X < 217:	1241
217 <= X < 218:	1123
218 <= X < 219:	1100
219 <= X < 220:	962
220 <= X < 221:	922
221 <= X < 222:	806
222 <= X < 223:	718
223 <= X < 224:	651
224 <= X < 225:	544
225 <= X < 226:	503
226 <= X < 227:	445
227 <= X < 228:	394
228 <= X < 229:	349
229 <= X < 230:	286
230 <= X < 231:	273
231 <= X < 232:	227
232 <= X < 233:	171
233 <= X < 234:	170
234 <= X < 235:	144
235 <= X < 236:	103
236 <= X < 237:	104
237 <= X < 238:	68
238 <= X < 239:	73
239 <= X < 240:	50
240 <= X < 241:	48
241 <= X < 242:	32
242 <= X < 243:	35
243 <= X < 244:	20
244 <= X < 245:	21
245 <= X < 246:	13
246 <= X < 247:	12
247 <= X < 248:	5
248 <= X < 249:	5
249 <= X < 250:	6
250 <= X < 251:	10
251 <= X < 252:	2
252 <= X < 253:	2
253 <= X < 254:	1
254 <= X < 255:	3
255 <= X < 256:	0
>=256:	2

UNSIGNED_GAP_ERRORS =================================
mean = nan, std = nan, min = 1.79769e+308, max = 2.22507e-308, count = 0
<0:	0
0 <= X < 1:	0
1 <= X < 2:	0
2 <= X < 3:	0
3 <= X < 4:	0
4 <= X < 5:	0
5 <= X < 6:	0
6 <= X < 7:	0
7 <= X < 8:	0
8 <= X < 9:	0
9 <= X < 10:	0
10 <= X < 11:	0
11 <= X < 12:	0
12 <= X < 13:	0
13 <= X < 14:	0
14 <= X < 15:	0
15 <= X < 16:	0
16 <= X < 17:	0
17 <= X < 18:	0
18 <= X < 19:	0
19 <= X < 20:	0
20 <= X < 21:	0
21 <= X < 22:	0
22 <= X < 23:	0
23 <= X < 24:	0
24 <= X < 25:	0
25 <= X < 26:	0
26 <= X < 27:	0
27 <= X < 28:	0
28 <= X < 29:	0
29 <= X < 30:	0
30 <= X < 31:	0
31 <= X < 32:	0
32 <= X < 33:	0
33 <= X < 34:	0
34 <= X < 35:	0
35 <= X < 36:	0
36 <= X < 37:	0
37 <= X < 38:	0
38 <= X < 39:	0
39 <= X < 40:	0
40 <= X < 41:	0
41 <= X < 42:	0
42 <= X < 43:	0
43 <= X < 44:	0
44 <= X < 45:	0
45 <= X < 46:	0
46 <= X < 47:	0
47 <= X < 48:	0
48 <= X < 49:	0
49 <= X < 50:	0
50 <= X < 51:	0
51 <= X < 52:	0
52 <= X < 53:	0
53 <= X < 54:	0
54 <= X < 55:	0
55 <= X < 56:	0
56 <= X < 57:	0
57 <= X < 58:	0
58 <= X < 59:	0
59 <= X < 60:	0
60 <= X < 61:	0
61 <= X < 62:	0
62 <= X < 63:	0
63 <= X < 64:	0
64 <= X < 65:	0
65 <= X < 66:	0
66 <= X < 67:	0
67 <= X < 68:	0
68 <= X < 69:	0
69 <= X < 70:	0
70 <= X < 71:	0
71 <= X < 72:	0
72 <= X < 73:	0
73 <= X < 74:	0
74 <= X < 75:	0
75 <= X < 76:	0
76 <= X < 77:	0
77 <= X < 78:	0
78 <= X < 79:	0
79 <= X < 80:	0
80 <= X < 81:	0
81 <= X < 82:	0
82 <= X < 83:	0
83 <= X < 84:	0
84 <= X < 85:	0
85 <= X < 86:	0
86 <= X < 87:	0
87 <= X < 88:	0
88 <= X < 89:	0
89 <= X < 90:	0
90 <= X < 91:	0
91 <= X < 92:	0
92 <= X < 93:	0
93 <= X < 94:	0
94 <= X < 95:	0
95 <= X < 96:	0
96 <= X < 97:	0
97 <= X < 98:	0
98 <= X < 99:	0
99 <= X < 100:	0
100 <= X < 101:	0
101 <= X < 102:	0
102 <= X < 103:	0
103 <= X < 104:	0
104 <= X < 105:	0
105 <= X < 106:	0
106 <= X < 107:	0
107 <= X < 108:	0
108 <= X < 109:	0
109 <= X < 110:	0
110 <= X < 111:	0
111 <= X < 112:	0
112 <= X < 113:	0
113 <= X < 114:	0
114 <= X < 115:	0
115 <= X < 116:	0
116 <= X < 117:	0
117 <= X < 118:	0
118 <= X < 119:	0
119 <= X < 120:	0
120 <= X < 121:	0
121 <= X < 122:	0
122 <= X < 123:	0
123 <= X < 124:	0
124 <= X < 125:	0
125 <= X < 126:	0
126 <= X < 127:	0
127 <= X < 128:	0
128 <= X < 129:	0
129 <= X < 130:	0
130 <= X < 131:	0
131 <= X < 132:	0
132 <= X < 133:	0
133 <= X < 134:	0
134 <= X < 135:	0
135 <= X < 136:	0
136 <= X < 137:	0
137 <= X < 138:	0
138 <= X < 139:	0
139 <= X < 140:	0
140 <= X < 141:	0
141 <= X < 142:	0
142 <= X < 143:	0
143 <= X < 144:	0
144 <= X < 145:	0
145 <= X < 146:	0
146 <= X < 147:	0
147 <= X < 148:	0
148 <= X < 149:	0
149 <= X < 150:	0
150 <= X < 151:	0
151 <= X < 152:	0
152 <= X < 153:	0
153 <= X < 154:	0
154 <= X < 155:	0
155 <= X < 156:	0
156 <= X < 157:	0
157 <= X < 158:	0
158 <= X < 159:	0
159 <= X < 160:	0
160 <= X < 161:	0
161 <= X < 162:	0
162 <= X < 163:	0
163 <= X < 164:	0
164 <= X < 165:	0
165 <= X < 166:	0
166 <= X < 167:	0
167 <= X < 168:	0
168 <= X < 169:	0
169 <= X < 170:	0
170 <= X < 171:	0
171 <= X < 172:	0
172 <= X < 173:	0
173 <= X < 174:	0
174 <= X < 175:	0
175 <= X < 176:	0
176 <= X < 177:	0
177 <= X < 178:	0
178 <= X < 179:	0
179 <= X < 180:	0
180 <= X < 181:	0
181 <= X < 182:	0
182 <= X < 183:	0
183 <= X < 184:	0
184 <= X < 185:	0
185 <= X < 186:	0
186 <= X < 187:	0
187 <= X < 188:	0
188 <= X < 189:	0
189 <= X < 190:	0
190 <= X < 191:	0
191 <= X < 192:	0
192 <= X < 193:	0
193 <= X < 194:	0
194 <= X < 195:	0
195 <= X < 196:	0
196 <= X < 197:	0
197 <= X < 198:	0
198 <= X < 199:	0
199 <= X < 200:	0
200 <= X < 201:	0
201 <= X < 202:	0
202 <= X < 203:	0
203 <= X < 204:	0
204 <= X < 205:	0
205 <= X < 206:	0
206 <= X < 207:	0
207 <= X < 208:	0
208 <= X < 209:	0
209 <= X < 210:	0
210 <= X < 211:	0
211 <= X < 212:	0
212 <= X < 213:	0
213 <= X < 214:	0
214 <= X < 215:	0
215 <= X < 216:	0
216 <= X < 217:	0
217 <= X < 218:	0
218 <= X < 219:	0
219 <= X < 220:	0
220 <= X < 221:	0
221 <= X < 222:	0
222 <= X < 223:	0
223 <= X < 224:	0
224 <= X < 225:	0
225 <= X < 226:	0
226 <= X < 227:	0
227 <= X < 228:	0
228 <= X < 229:	0
229 <= X < 230:	0
230 <= X < 231:	0
231 <= X < 232:	0
232 <= X < 233:	0
233 <= X < 234:	0
234 <= X < 235:	0
235 <= X < 236:	0
236 <= X < 237:	0
237 <= X < 238:	0
238 <= X < 239:	0
239 <= X < 240:	0
240 <= X < 241:	0
241 <= X < 242:	0
242 <= X < 243:	0
243 <= X < 244:	0
244 <= X < 245:	0
245 <= X < 246:	0
246 <= X < 247:	0
247 <= X < 248:	0
248 <= X < 249:	0
249 <= X < 250:	0
250 <= X < 251:	0
251 <= X < 252:	0
252 <= X < 253:	0
253 <= X < 254:	0
254 <= X < 255:	0
255 <= X < 256:	0
>=256:	0

normalization constant = 4.28907e+06
decibels per weight = 1.01256e-06
