[81920 / 100000000] (0.08192%) -- errors = 113 , logical error rate = 0.00137939
[163840 / 100000000] (0.16384%) -- errors = 236 , logical error rate = 0.00144043
[245760 / 100000000] (0.24576%) -- errors = 347 , logical error rate = 0.00141195
[327680 / 100000000] (0.32768%) -- errors = 455 , logical error rate = 0.00138855
[409600 / 100000000] (0.4096%) -- errors = 575 , logical error rate = 0.00140381
[491520 / 100000000] (0.49152%) -- errors = 702 , logical error rate = 0.00142822
[573440 / 100000000] (0.57344%) -- errors = 840 , logical error rate = 0.00146484
[655360 / 100000000] (0.65536%) -- errors = 971 , logical error rate = 0.00148163
[737280 / 100000000] (0.73728%) -- errors = 1077 , logical error rate = 0.00146077
[819200 / 100000000] (0.8192%) -- errors = 1191 , logical error rate = 0.00145386
[901120 / 100000000] (0.90112%) -- errors = 1308 , logical error rate = 0.00145153
[983040 / 100000000] (0.98304%) -- errors = 1416 , logical error rate = 0.00144043
[1064960 / 100000000] (1.06496%) -- errors = 1530 , logical error rate = 0.00143667
[1146880 / 100000000] (1.14688%) -- errors = 1637 , logical error rate = 0.00142735
[1228800 / 100000000] (1.2288%) -- errors = 1755 , logical error rate = 0.00142822
[1310720 / 100000000] (1.31072%) -- errors = 1886 , logical error rate = 0.0014389
[1392640 / 100000000] (1.39264%) -- errors = 2009 , logical error rate = 0.00144258
[1474560 / 100000000] (1.47456%) -- errors = 2119 , logical error rate = 0.00143704
[1556480 / 100000000] (1.55648%) -- errors = 2228 , logical error rate = 0.00143144
[1638400 / 100000000] (1.6384%) -- errors = 2346 , logical error rate = 0.00143188
[1720320 / 100000000] (1.72032%) -- errors = 2456 , logical error rate = 0.00142764
[1802240 / 100000000] (1.80224%) -- errors = 2569 , logical error rate = 0.00142545
[1884160 / 100000000] (1.88416%) -- errors = 2678 , logical error rate = 0.00142132
[1966080 / 100000000] (1.96608%) -- errors = 2777 , logical error rate = 0.00141246
[2048000 / 100000000] (2.048%) -- errors = 2903 , logical error rate = 0.00141748
[2129920 / 100000000] (2.12992%) -- errors = 3010 , logical error rate = 0.0014132
[2211840 / 100000000] (2.21184%) -- errors = 3133 , logical error rate = 0.00141647
[2293760 / 100000000] (2.29376%) -- errors = 3249 , logical error rate = 0.00141645
[2375680 / 100000000] (2.37568%) -- errors = 3371 , logical error rate = 0.00141896
[2457600 / 100000000] (2.4576%) -- errors = 3489 , logical error rate = 0.00141968
[2539520 / 100000000] (2.53952%) -- errors = 3622 , logical error rate = 0.00142625
[2621440 / 100000000] (2.62144%) -- errors = 3740 , logical error rate = 0.0014267
[2703360 / 100000000] (2.70336%) -- errors = 3847 , logical error rate = 0.00142304
[2785280 / 100000000] (2.78528%) -- errors = 3974 , logical error rate = 0.00142679
[2867200 / 100000000] (2.8672%) -- errors = 4083 , logical error rate = 0.00142404
[2949120 / 100000000] (2.94912%) -- errors = 4208 , logical error rate = 0.00142687
[3031040 / 100000000] (3.03104%) -- errors = 4328 , logical error rate = 0.00142789
[3112960 / 100000000] (3.11296%) -- errors = 4419 , logical error rate = 0.00141955
[3194880 / 100000000] (3.19488%) -- errors = 4522 , logical error rate = 0.00141539
[3276800 / 100000000] (3.2768%) -- errors = 4631 , logical error rate = 0.00141327
[3358720 / 100000000] (3.35872%) -- errors = 4762 , logical error rate = 0.0014178
[3440640 / 100000000] (3.44064%) -- errors = 4878 , logical error rate = 0.00141776
[3522560 / 100000000] (3.52256%) -- errors = 4993 , logical error rate = 0.00141744
[3604480 / 100000000] (3.60448%) -- errors = 5111 , logical error rate = 0.00141796
[3686400 / 100000000] (3.6864%) -- errors = 5237 , logical error rate = 0.00142063
[3768320 / 100000000] (3.76832%) -- errors = 5332 , logical error rate = 0.00141495
[3850240 / 100000000] (3.85024%) -- errors = 5441 , logical error rate = 0.00141316
[3932160 / 100000000] (3.93216%) -- errors = 5541 , logical error rate = 0.00140915
[4014080 / 100000000] (4.01408%) -- errors = 5659 , logical error rate = 0.00140979
[4096000 / 100000000] (4.096%) -- errors = 5778 , logical error rate = 0.00141064
[4177920 / 100000000] (4.17792%) -- errors = 5900 , logical error rate = 0.00141219
[4259840 / 100000000] (4.25984%) -- errors = 6016 , logical error rate = 0.00141226
[4341760 / 100000000] (4.34176%) -- errors = 6124 , logical error rate = 0.00141049
[4423680 / 100000000] (4.42368%) -- errors = 6231 , logical error rate = 0.00140856
[4505600 / 100000000] (4.5056%) -- errors = 6360 , logical error rate = 0.00141158
[4587520 / 100000000] (4.58752%) -- errors = 6482 , logical error rate = 0.00141296
[4669440 / 100000000] (4.66944%) -- errors = 6592 , logical error rate = 0.00141173
[4751360 / 100000000] (4.75136%) -- errors = 6704 , logical error rate = 0.00141096
[4833280 / 100000000] (4.83328%) -- errors = 6818 , logical error rate = 0.00141064
[4915200 / 100000000] (4.9152%) -- errors = 6930 , logical error rate = 0.00140991
[4997120 / 100000000] (4.99712%) -- errors = 7051 , logical error rate = 0.00141101
[5079040 / 100000000] (5.07904%) -- errors = 7179 , logical error rate = 0.00141346
[5160960 / 100000000] (5.16096%) -- errors = 7293 , logical error rate = 0.00141311
[5242880 / 100000000] (5.24288%) -- errors = 7398 , logical error rate = 0.00141106
[5324800 / 100000000] (5.3248%) -- errors = 7509 , logical error rate = 0.00141019
[5406720 / 100000000] (5.40672%) -- errors = 7637 , logical error rate = 0.0014125
[5488640 / 100000000] (5.48864%) -- errors = 7741 , logical error rate = 0.00141037
[5570560 / 100000000] (5.57056%) -- errors = 7835 , logical error rate = 0.0014065
[5652480 / 100000000] (5.65248%) -- errors = 7953 , logical error rate = 0.00140699
[5734400 / 100000000] (5.7344%) -- errors = 8068 , logical error rate = 0.00140695
[5816320 / 100000000] (5.81632%) -- errors = 8196 , logical error rate = 0.00140914
[5898240 / 100000000] (5.89824%) -- errors = 8321 , logical error rate = 0.00141076
[5980160 / 100000000] (5.98016%) -- errors = 8457 , logical error rate = 0.00141418
[6062080 / 100000000] (6.06208%) -- errors = 8573 , logical error rate = 0.0014142
[6144000 / 100000000] (6.144%) -- errors = 8695 , logical error rate = 0.0014152
[6225920 / 100000000] (6.22592%) -- errors = 8815 , logical error rate = 0.00141586
[6307840 / 100000000] (6.30784%) -- errors = 8922 , logical error rate = 0.00141443
[6389760 / 100000000] (6.38976%) -- errors = 9024 , logical error rate = 0.00141226
[6471680 / 100000000] (6.47168%) -- errors = 9138 , logical error rate = 0.001412
[6553600 / 100000000] (6.5536%) -- errors = 9228 , logical error rate = 0.00140808
[6635520 / 100000000] (6.63552%) -- errors = 9323 , logical error rate = 0.00140501
[6717440 / 100000000] (6.71744%) -- errors = 9459 , logical error rate = 0.00140813
[6799360 / 100000000] (6.79936%) -- errors = 9566 , logical error rate = 0.0014069
[6881280 / 100000000] (6.88128%) -- errors = 9677 , logical error rate = 0.00140628
[6963200 / 100000000] (6.9632%) -- errors = 9797 , logical error rate = 0.00140697
[7045120 / 100000000] (7.04512%) -- errors = 9915 , logical error rate = 0.00140736
[7127040 / 100000000] (7.12704%) -- errors = 10013 , logical error rate = 0.00140493
Logical error rate: 0.00140493
SIGNED_GAP =================================
mean = 72.415, std = 19.401, min = -64.4547, max = 143.425, count = 7127040
<-256:	0
-256 <= X < -254:	0
-254 <= X < -252:	0
-252 <= X < -250:	0
-250 <= X < -248:	0
-248 <= X < -246:	0
-246 <= X < -244:	0
-244 <= X < -242:	0
-242 <= X < -240:	0
-240 <= X < -238:	0
-238 <= X < -236:	0
-236 <= X < -234:	0
-234 <= X < -232:	0
-232 <= X < -230:	0
-230 <= X < -228:	0
-228 <= X < -226:	0
-226 <= X < -224:	0
-224 <= X < -222:	0
-222 <= X < -220:	0
-220 <= X < -218:	0
-218 <= X < -216:	0
-216 <= X < -214:	0
-214 <= X < -212:	0
-212 <= X < -210:	0
-210 <= X < -208:	0
-208 <= X < -206:	0
-206 <= X < -204:	0
-204 <= X < -202:	0
-202 <= X < -200:	0
-200 <= X < -198:	0
-198 <= X < -196:	0
-196 <= X < -194:	0
-194 <= X < -192:	0
-192 <= X < -190:	0
-190 <= X < -188:	0
-188 <= X < -186:	0
-186 <= X < -184:	0
-184 <= X < -182:	0
-182 <= X < -180:	0
-180 <= X < -178:	0
-178 <= X < -176:	0
-176 <= X < -174:	0
-174 <= X < -172:	0
-172 <= X < -170:	0
-170 <= X < -168:	0
-168 <= X < -166:	0
-166 <= X < -164:	0
-164 <= X < -162:	0
-162 <= X < -160:	0
-160 <= X < -158:	0
-158 <= X < -156:	0
-156 <= X < -154:	0
-154 <= X < -152:	0
-152 <= X < -150:	0
-150 <= X < -148:	0
-148 <= X < -146:	0
-146 <= X < -144:	0
-144 <= X < -142:	0
-142 <= X < -140:	0
-140 <= X < -138:	0
-138 <= X < -136:	0
-136 <= X < -134:	0
-134 <= X < -132:	0
-132 <= X < -130:	0
-130 <= X < -128:	0
-128 <= X < -126:	0
-126 <= X < -124:	0
-124 <= X < -122:	0
-122 <= X < -120:	0
-120 <= X < -118:	0
-118 <= X < -116:	0
-116 <= X < -114:	0
-114 <= X < -112:	0
-112 <= X < -110:	0
-110 <= X < -108:	0
-108 <= X < -106:	0
-106 <= X < -104:	0
-104 <= X < -102:	0
-102 <= X < -100:	0
-100 <= X < -98:	0
-98 <= X < -96:	0
-96 <= X < -94:	0
-94 <= X < -92:	0
-92 <= X < -90:	0
-90 <= X < -88:	0
-88 <= X < -86:	0
-86 <= X < -84:	0
-84 <= X < -82:	0
-82 <= X < -80:	0
-80 <= X < -78:	0
-78 <= X < -76:	0
-76 <= X < -74:	0
-74 <= X < -72:	0
-72 <= X < -70:	0
-70 <= X < -68:	0
-68 <= X < -66:	0
-66 <= X < -64:	1
-64 <= X < -62:	1
-62 <= X < -60:	1
-60 <= X < -58:	0
-58 <= X < -56:	2
-56 <= X < -54:	5
-54 <= X < -52:	5
-52 <= X < -50:	5
-50 <= X < -48:	11
-48 <= X < -46:	8
-46 <= X < -44:	9
-44 <= X < -42:	16
-42 <= X < -40:	26
-40 <= X < -38:	24
-38 <= X < -36:	30
-36 <= X < -34:	39
-34 <= X < -32:	55
-32 <= X < -30:	63
-30 <= X < -28:	103
-28 <= X < -26:	110
-26 <= X < -24:	143
-24 <= X < -22:	153
-22 <= X < -20:	236
-20 <= X < -18:	326
-18 <= X < -16:	336
-16 <= X < -14:	417
-14 <= X < -12:	546
-12 <= X < -10:	760
-10 <= X < -8:	779
-8 <= X < -6:	994
-6 <= X < -4:	1345
-4 <= X < -2:	1621
-2 <= X < 0:	1832
0 <= X < 2:	2161
2 <= X < 4:	2733
4 <= X < 6:	3591
6 <= X < 8:	3921
8 <= X < 10:	4675
10 <= X < 12:	6512
12 <= X < 14:	7897
14 <= X < 16:	8290
16 <= X < 18:	10058
18 <= X < 20:	15047
20 <= X < 22:	15226
22 <= X < 24:	16851
24 <= X < 26:	20777
26 <= X < 28:	27496
28 <= X < 30:	28557
30 <= X < 32:	31017
32 <= X < 34:	39048
34 <= X < 36:	47903
36 <= X < 38:	52981
38 <= X < 40:	57617
40 <= X < 42:	67194
42 <= X < 44:	85684
44 <= X < 46:	91768
46 <= X < 48:	95901
48 <= X < 50:	126958
50 <= X < 52:	150448
52 <= X < 54:	146788
54 <= X < 56:	153956
56 <= X < 58:	210340
58 <= X < 60:	214629
60 <= X < 62:	212588
62 <= X < 64:	218022
64 <= X < 66:	243795
66 <= X < 68:	297844
68 <= X < 70:	260566
70 <= X < 72:	266328
72 <= X < 74:	301883
74 <= X < 76:	315640
76 <= X < 78:	289234
78 <= X < 80:	273262
80 <= X < 82:	306685
82 <= X < 84:	311184
84 <= X < 86:	253087
86 <= X < 88:	285496
88 <= X < 90:	260633
90 <= X < 92:	219379
92 <= X < 94:	177235
94 <= X < 96:	182353
96 <= X < 98:	155820
98 <= X < 100:	124266
100 <= X < 102:	98759
102 <= X < 104:	79480
104 <= X < 106:	70022
106 <= X < 108:	50865
108 <= X < 110:	34588
110 <= X < 112:	25690
112 <= X < 114:	18968
114 <= X < 116:	12420
116 <= X < 118:	7668
118 <= X < 120:	5790
120 <= X < 122:	4419
122 <= X < 124:	2726
124 <= X < 126:	2410
126 <= X < 128:	993
128 <= X < 130:	433
130 <= X < 132:	184
132 <= X < 134:	129
134 <= X < 136:	82
136 <= X < 138:	61
138 <= X < 140:	10
140 <= X < 142:	7
142 <= X < 144:	10
144 <= X < 146:	0
146 <= X < 148:	0
148 <= X < 150:	0
150 <= X < 152:	0
152 <= X < 154:	0
154 <= X < 156:	0
156 <= X < 158:	0
158 <= X < 160:	0
160 <= X < 162:	0
162 <= X < 164:	0
164 <= X < 166:	0
166 <= X < 168:	0
168 <= X < 170:	0
170 <= X < 172:	0
172 <= X < 174:	0
174 <= X < 176:	0
176 <= X < 178:	0
178 <= X < 180:	0
180 <= X < 182:	0
182 <= X < 184:	0
184 <= X < 186:	0
186 <= X < 188:	0
188 <= X < 190:	0
190 <= X < 192:	0
192 <= X < 194:	0
194 <= X < 196:	0
196 <= X < 198:	0
198 <= X < 200:	0
200 <= X < 202:	0
202 <= X < 204:	0
204 <= X < 206:	0
206 <= X < 208:	0
208 <= X < 210:	0
210 <= X < 212:	0
212 <= X < 214:	0
214 <= X < 216:	0
216 <= X < 218:	0
218 <= X < 220:	0
220 <= X < 222:	0
222 <= X < 224:	0
224 <= X < 226:	0
226 <= X < 228:	0
228 <= X < 230:	0
230 <= X < 232:	0
232 <= X < 234:	0
234 <= X < 236:	0
236 <= X < 238:	0
238 <= X < 240:	0
240 <= X < 242:	0
242 <= X < 244:	0
244 <= X < 246:	0
246 <= X < 248:	0
248 <= X < 250:	0
250 <= X < 252:	0
252 <= X < 254:	0
254 <= X < 256:	0
>=256:	0

UNSIGNED_GAP =================================
mean = 72.4403, std = 19.3067, min = 0, max = 143.425, count = 7127040
<0:	0
0 <= X < 1:	2225
1 <= X < 2:	1768
2 <= X < 3:	2408
3 <= X < 4:	1946
4 <= X < 5:	2215
5 <= X < 6:	2721
6 <= X < 7:	2017
7 <= X < 8:	2898
8 <= X < 9:	2980
9 <= X < 10:	2474
10 <= X < 11:	3690
11 <= X < 12:	3582
12 <= X < 13:	3610
13 <= X < 14:	4833
14 <= X < 15:	3651
15 <= X < 16:	5056
16 <= X < 17:	5785
17 <= X < 18:	4609
18 <= X < 19:	7669
19 <= X < 20:	7704
20 <= X < 21:	6106
21 <= X < 22:	9356
22 <= X < 23:	7506
23 <= X < 24:	9498
24 <= X < 25:	11689
25 <= X < 26:	9231
26 <= X < 27:	13848
27 <= X < 28:	13758
28 <= X < 29:	11231
29 <= X < 30:	17429
30 <= X < 31:	15008
31 <= X < 32:	16072
32 <= X < 33:	21809
33 <= X < 34:	17294
34 <= X < 35:	23372
35 <= X < 36:	24570
36 <= X < 37:	22063
37 <= X < 38:	30948
38 <= X < 39:	27178
39 <= X < 40:	30463
40 <= X < 41:	37994
41 <= X < 42:	29226
42 <= X < 43:	42956
43 <= X < 44:	42744
44 <= X < 45:	37640
45 <= X < 46:	54137
46 <= X < 47:	47590
47 <= X < 48:	48319
48 <= X < 49:	68620
49 <= X < 50:	58349
50 <= X < 51:	74512
51 <= X < 52:	75941
52 <= X < 53:	58632
53 <= X < 54:	88161
54 <= X < 55:	81171
55 <= X < 56:	72790
56 <= X < 57:	119146
57 <= X < 58:	91196
58 <= X < 59:	100615
59 <= X < 60:	114014
60 <= X < 61:	88937
61 <= X < 62:	123652
62 <= X < 63:	114786
63 <= X < 64:	103237
64 <= X < 65:	150654
65 <= X < 66:	93142
66 <= X < 67:	142332
67 <= X < 68:	155512
68 <= X < 69:	101014
69 <= X < 70:	159552
70 <= X < 71:	144543
71 <= X < 72:	121785
72 <= X < 73:	169763
73 <= X < 74:	132120
74 <= X < 75:	144952
75 <= X < 76:	170688
76 <= X < 77:	117357
77 <= X < 78:	171877
78 <= X < 79:	151244
79 <= X < 80:	122018
80 <= X < 81:	176332
81 <= X < 82:	130353
82 <= X < 83:	138605
83 <= X < 84:	172579
84 <= X < 85:	107253
85 <= X < 86:	145834
86 <= X < 87:	142762
87 <= X < 88:	142734
88 <= X < 89:	148116
89 <= X < 90:	112517
90 <= X < 91:	91538
91 <= X < 92:	127841
92 <= X < 93:	81964
93 <= X < 94:	95271
94 <= X < 95:	108495
95 <= X < 96:	73858
96 <= X < 97:	84237
97 <= X < 98:	71583
98 <= X < 99:	50146
99 <= X < 100:	74120
100 <= X < 101:	40861
101 <= X < 102:	57898
102 <= X < 103:	47501
103 <= X < 104:	31979
104 <= X < 105:	43057
105 <= X < 106:	26965
106 <= X < 107:	22815
107 <= X < 108:	28050
108 <= X < 109:	17436
109 <= X < 110:	17152
110 <= X < 111:	16941
111 <= X < 112:	8749
112 <= X < 113:	11624
113 <= X < 114:	7344
114 <= X < 115:	6444
115 <= X < 116:	5976
116 <= X < 117:	4205
117 <= X < 118:	3463
118 <= X < 119:	4107
119 <= X < 120:	1683
120 <= X < 121:	2429
121 <= X < 122:	1990
122 <= X < 123:	1220
123 <= X < 124:	1506
124 <= X < 125:	1447
125 <= X < 126:	963
126 <= X < 127:	754
127 <= X < 128:	239
128 <= X < 129:	266
129 <= X < 130:	167
130 <= X < 131:	100
131 <= X < 132:	84
132 <= X < 133:	80
133 <= X < 134:	49
134 <= X < 135:	49
135 <= X < 136:	33
136 <= X < 137:	37
137 <= X < 138:	24
138 <= X < 139:	6
139 <= X < 140:	4
140 <= X < 141:	4
141 <= X < 142:	3
142 <= X < 143:	8
143 <= X < 144:	2
144 <= X < 145:	0
145 <= X < 146:	0
146 <= X < 147:	0
147 <= X < 148:	0
148 <= X < 149:	0
149 <= X < 150:	0
150 <= X < 151:	0
151 <= X < 152:	0
152 <= X < 153:	0
153 <= X < 154:	0
154 <= X < 155:	0
155 <= X < 156:	0
156 <= X < 157:	0
157 <= X < 158:	0
158 <= X < 159:	0
159 <= X < 160:	0
160 <= X < 161:	0
161 <= X < 162:	0
162 <= X < 163:	0
163 <= X < 164:	0
164 <= X < 165:	0
165 <= X < 166:	0
166 <= X < 167:	0
167 <= X < 168:	0
168 <= X < 169:	0
169 <= X < 170:	0
170 <= X < 171:	0
171 <= X < 172:	0
172 <= X < 173:	0
173 <= X < 174:	0
174 <= X < 175:	0
175 <= X < 176:	0
176 <= X < 177:	0
177 <= X < 178:	0
178 <= X < 179:	0
179 <= X < 180:	0
180 <= X < 181:	0
181 <= X < 182:	0
182 <= X < 183:	0
183 <= X < 184:	0
184 <= X < 185:	0
185 <= X < 186:	0
186 <= X < 187:	0
187 <= X < 188:	0
188 <= X < 189:	0
189 <= X < 190:	0
190 <= X < 191:	0
191 <= X < 192:	0
192 <= X < 193:	0
193 <= X < 194:	0
194 <= X < 195:	0
195 <= X < 196:	0
196 <= X < 197:	0
197 <= X < 198:	0
198 <= X < 199:	0
199 <= X < 200:	0
200 <= X < 201:	0
201 <= X < 202:	0
202 <= X < 203:	0
203 <= X < 204:	0
204 <= X < 205:	0
205 <= X < 206:	0
206 <= X < 207:	0
207 <= X < 208:	0
208 <= X < 209:	0
209 <= X < 210:	0
210 <= X < 211:	0
211 <= X < 212:	0
212 <= X < 213:	0
213 <= X < 214:	0
214 <= X < 215:	0
215 <= X < 216:	0
216 <= X < 217:	0
217 <= X < 218:	0
218 <= X < 219:	0
219 <= X < 220:	0
220 <= X < 221:	0
221 <= X < 222:	0
222 <= X < 223:	0
223 <= X < 224:	0
224 <= X < 225:	0
225 <= X < 226:	0
226 <= X < 227:	0
227 <= X < 228:	0
228 <= X < 229:	0
229 <= X < 230:	0
230 <= X < 231:	0
231 <= X < 232:	0
232 <= X < 233:	0
233 <= X < 234:	0
234 <= X < 235:	0
235 <= X < 236:	0
236 <= X < 237:	0
237 <= X < 238:	0
238 <= X < 239:	0
239 <= X < 240:	0
240 <= X < 241:	0
241 <= X < 242:	0
242 <= X < 243:	0
243 <= X < 244:	0
244 <= X < 245:	0
245 <= X < 246:	0
246 <= X < 247:	0
247 <= X < 248:	0
248 <= X < 249:	0
249 <= X < 250:	0
250 <= X < 251:	0
251 <= X < 252:	0
252 <= X < 253:	0
253 <= X < 254:	0
254 <= X < 255:	0
255 <= X < 256:	0
>=256:	0

UNSIGNED_GAP_ERRORS =================================
mean = 8.97285, std = 8.52976, min = 0, max = 64.4547, count = 10013
<0:	0
0 <= X < 1:	1081
1 <= X < 2:	762
2 <= X < 3:	947
3 <= X < 4:	674
4 <= X < 5:	621
5 <= X < 6:	724
6 <= X < 7:	456
7 <= X < 8:	538
8 <= X < 9:	453
9 <= X < 10:	326
10 <= X < 11:	392
11 <= X < 12:	368
12 <= X < 13:	253
13 <= X < 14:	293
14 <= X < 15:	192
15 <= X < 16:	225
16 <= X < 17:	219
17 <= X < 18:	117
18 <= X < 19:	179
19 <= X < 20:	147
20 <= X < 21:	95
21 <= X < 22:	141
22 <= X < 23:	76
23 <= X < 24:	77
24 <= X < 25:	93
25 <= X < 26:	50
26 <= X < 27:	56
27 <= X < 28:	54
28 <= X < 29:	45
29 <= X < 30:	58
30 <= X < 31:	38
31 <= X < 32:	25
32 <= X < 33:	31
33 <= X < 34:	24
34 <= X < 35:	22
35 <= X < 36:	17
36 <= X < 37:	10
37 <= X < 38:	20
38 <= X < 39:	11
39 <= X < 40:	13
40 <= X < 41:	18
41 <= X < 42:	8
42 <= X < 43:	8
43 <= X < 44:	8
44 <= X < 45:	3
45 <= X < 46:	6
46 <= X < 47:	3
47 <= X < 48:	5
48 <= X < 49:	5
49 <= X < 50:	6
50 <= X < 51:	1
51 <= X < 52:	4
52 <= X < 53:	2
53 <= X < 54:	3
54 <= X < 55:	5
55 <= X < 56:	0
56 <= X < 57:	1
57 <= X < 58:	1
58 <= X < 59:	0
59 <= X < 60:	0
60 <= X < 61:	1
61 <= X < 62:	0
62 <= X < 63:	1
63 <= X < 64:	0
64 <= X < 65:	1
65 <= X < 66:	0
66 <= X < 67:	0
67 <= X < 68:	0
68 <= X < 69:	0
69 <= X < 70:	0
70 <= X < 71:	0
71 <= X < 72:	0
72 <= X < 73:	0
73 <= X < 74:	0
74 <= X < 75:	0
75 <= X < 76:	0
76 <= X < 77:	0
77 <= X < 78:	0
78 <= X < 79:	0
79 <= X < 80:	0
80 <= X < 81:	0
81 <= X < 82:	0
82 <= X < 83:	0
83 <= X < 84:	0
84 <= X < 85:	0
85 <= X < 86:	0
86 <= X < 87:	0
87 <= X < 88:	0
88 <= X < 89:	0
89 <= X < 90:	0
90 <= X < 91:	0
91 <= X < 92:	0
92 <= X < 93:	0
93 <= X < 94:	0
94 <= X < 95:	0
95 <= X < 96:	0
96 <= X < 97:	0
97 <= X < 98:	0
98 <= X < 99:	0
99 <= X < 100:	0
100 <= X < 101:	0
101 <= X < 102:	0
102 <= X < 103:	0
103 <= X < 104:	0
104 <= X < 105:	0
105 <= X < 106:	0
106 <= X < 107:	0
107 <= X < 108:	0
108 <= X < 109:	0
109 <= X < 110:	0
110 <= X < 111:	0
111 <= X < 112:	0
112 <= X < 113:	0
113 <= X < 114:	0
114 <= X < 115:	0
115 <= X < 116:	0
116 <= X < 117:	0
117 <= X < 118:	0
118 <= X < 119:	0
119 <= X < 120:	0
120 <= X < 121:	0
121 <= X < 122:	0
122 <= X < 123:	0
123 <= X < 124:	0
124 <= X < 125:	0
125 <= X < 126:	0
126 <= X < 127:	0
127 <= X < 128:	0
128 <= X < 129:	0
129 <= X < 130:	0
130 <= X < 131:	0
131 <= X < 132:	0
132 <= X < 133:	0
133 <= X < 134:	0
134 <= X < 135:	0
135 <= X < 136:	0
136 <= X < 137:	0
137 <= X < 138:	0
138 <= X < 139:	0
139 <= X < 140:	0
140 <= X < 141:	0
141 <= X < 142:	0
142 <= X < 143:	0
143 <= X < 144:	0
144 <= X < 145:	0
145 <= X < 146:	0
146 <= X < 147:	0
147 <= X < 148:	0
148 <= X < 149:	0
149 <= X < 150:	0
150 <= X < 151:	0
151 <= X < 152:	0
152 <= X < 153:	0
153 <= X < 154:	0
154 <= X < 155:	0
155 <= X < 156:	0
156 <= X < 157:	0
157 <= X < 158:	0
158 <= X < 159:	0
159 <= X < 160:	0
160 <= X < 161:	0
161 <= X < 162:	0
162 <= X < 163:	0
163 <= X < 164:	0
164 <= X < 165:	0
165 <= X < 166:	0
166 <= X < 167:	0
167 <= X < 168:	0
168 <= X < 169:	0
169 <= X < 170:	0
170 <= X < 171:	0
171 <= X < 172:	0
172 <= X < 173:	0
173 <= X < 174:	0
174 <= X < 175:	0
175 <= X < 176:	0
176 <= X < 177:	0
177 <= X < 178:	0
178 <= X < 179:	0
179 <= X < 180:	0
180 <= X < 181:	0
181 <= X < 182:	0
182 <= X < 183:	0
183 <= X < 184:	0
184 <= X < 185:	0
185 <= X < 186:	0
186 <= X < 187:	0
187 <= X < 188:	0
188 <= X < 189:	0
189 <= X < 190:	0
190 <= X < 191:	0
191 <= X < 192:	0
192 <= X < 193:	0
193 <= X < 194:	0
194 <= X < 195:	0
195 <= X < 196:	0
196 <= X < 197:	0
197 <= X < 198:	0
198 <= X < 199:	0
199 <= X < 200:	0
200 <= X < 201:	0
201 <= X < 202:	0
202 <= X < 203:	0
203 <= X < 204:	0
204 <= X < 205:	0
205 <= X < 206:	0
206 <= X < 207:	0
207 <= X < 208:	0
208 <= X < 209:	0
209 <= X < 210:	0
210 <= X < 211:	0
211 <= X < 212:	0
212 <= X < 213:	0
213 <= X < 214:	0
214 <= X < 215:	0
215 <= X < 216:	0
216 <= X < 217:	0
217 <= X < 218:	0
218 <= X < 219:	0
219 <= X < 220:	0
220 <= X < 221:	0
221 <= X < 222:	0
222 <= X < 223:	0
223 <= X < 224:	0
224 <= X < 225:	0
225 <= X < 226:	0
226 <= X < 227:	0
227 <= X < 228:	0
228 <= X < 229:	0
229 <= X < 230:	0
230 <= X < 231:	0
231 <= X < 232:	0
232 <= X < 233:	0
233 <= X < 234:	0
234 <= X < 235:	0
235 <= X < 236:	0
236 <= X < 237:	0
237 <= X < 238:	0
238 <= X < 239:	0
239 <= X < 240:	0
240 <= X < 241:	0
241 <= X < 242:	0
242 <= X < 243:	0
243 <= X < 244:	0
244 <= X < 245:	0
245 <= X < 246:	0
246 <= X < 247:	0
247 <= X < 248:	0
248 <= X < 249:	0
249 <= X < 250:	0
250 <= X < 251:	0
251 <= X < 252:	0
252 <= X < 253:	0
253 <= X < 254:	0
254 <= X < 255:	0
255 <= X < 256:	0
>=256:	0

normalization constant = 4.28907e+06
decibels per weight = 1.01256e-06
